<html>
<body>
<pre>
<h1>µVision Build Log</h1>
<h2>Project:</h2>
D:\TU LIEU HOC TAP\TM4C\GITHUB\CHARGE CONTROL V1.0\CHARGE CONTROL R1.uvproj
Project File Date:  03/28/2020

<h2>Output:</h2>
Rebuild target 'PROGRAM'
compiling adc.c...
compiling display.c...
compiling function.c...
compiling sysclock.c...
compiling uart4.c...
assembling startup_rvmdk.S...
compiling main.c...
linking...
Program Size: Code=8324 RO-data=1448 RW-data=1644 ZI-data=1980  
FromELF: creating hex file...
".\out\CHARGE CONTROL R1.axf" - 0 Error(s), 0 Warning(s).
</pre>
</body>
</html>
