Product: MDK-ARM Standard 5.10
Component: ARM Compiler 5.04 update 1 (build 49)
Tool: armlink [5040049]

==============================================================================

Section Cross References

    adc.o(.text) refers to adc.o(i.ADCIntClear) for ADCIntClear
    adc.o(.text) refers to adc.o(i.ADCProcessorTrigger) for ADCProcessorTrigger
    adc.o(.text) refers to adc.o(i.ADCIntStatus) for ADCIntStatus
    adc.o(.text) refers to adc.o(i.ADCSequenceDataGet) for ADCSequenceDataGet
    adc.o(.text) refers to dflt_clz.o(x$fpl$dfltu) for __aeabi_ui2d
    adc.o(.text) refers to dmul.o(x$fpl$dmul) for __aeabi_dmul
    adc.o(.text) refers to adc.o(i.ADCIntDisable) for ADCIntDisable
    adc.o(.text) refers to daddsub_clz.o(x$fpl$dadd) for __aeabi_dadd
    adc.o(.text) refers to ddiv.o(x$fpl$ddiv) for __aeabi_ddiv
    adc.o(.text) refers to sysctl.o(i.SysCtlPeripheralEnable) for SysCtlPeripheralEnable
    adc.o(.text) refers to sysctl.o(.emb_text) for SysCtlDelay
    adc.o(.text) refers to gpio.o(i.GPIOPinTypeADC) for GPIOPinTypeADC
    adc.o(.text) refers to adc.o(i.ADCReferenceSet) for ADCReferenceSet
    adc.o(.text) refers to adc.o(i.ADCSequenceDisable) for ADCSequenceDisable
    adc.o(.text) refers to adc.o(i.ADCSequenceConfigure) for ADCSequenceConfigure
    adc.o(.text) refers to adc.o(i.ADCSequenceStepConfigure) for ADCSequenceStepConfigure
    adc.o(.text) refers to adc.o(i.ADCIntRegister) for ADCIntRegister
    adc.o(.text) refers to adc.o(i.ADCIntEnable) for ADCIntEnable
    adc.o(.text) refers to adc.o(i.ADCSequenceEnable) for ADCSequenceEnable
    adc.o(.text) refers to function.o(.data) for ulTimerAdc
    adc.o(.text) refers to adc.o(.bss) for .bss
    adc.o(.text) refers to adc.o(.data) for .data
    display.o(.text) refers to gpio.o(i.GPIOPinWrite) for GPIOPinWrite
    display.o(.text) refers to dmul.o(x$fpl$dmul) for __aeabi_dmul
    display.o(.text) refers to dfixu.o(x$fpl$dfixu) for __aeabi_d2uiz
    display.o(.text) refers to dleqf.o(x$fpl$dleqf) for __aeabi_cdcmple
    display.o(.text) refers to adc.o(.data) for _gVoltageCheckAQ
    display.o(.text) refers to display.o(.data) for .data
    function.o(.text) refers to gpio.o(i.GPIOPinRead) for GPIOPinRead
    function.o(.text) refers to gpio.o(i.GPIOPinWrite) for GPIOPinWrite
    function.o(.text) refers to dleqf.o(x$fpl$dleqf) for __aeabi_cdcmple
    function.o(.text) refers to drleqf.o(x$fpl$drleqf) for __aeabi_cdrcmple
    function.o(.text) refers to display.o(.text) for display
    function.o(.text) refers to adc.o(.text) for vReadADC
    function.o(.text) refers to uart4.o(.text) for vUART4Send
    function.o(.text) refers to function.o(.bss) for .bss
    function.o(.text) refers to function.o(.data) for .data
    function.o(.text) refers to adc.o(.data) for _gVoltageCheckAQ
    function.o(.text) refers to uart4.o(.data) for ucUART4FrameTx
    sysclock.o(.text) refers to gpio.o(i.GPIOPinWrite) for GPIOPinWrite
    sysclock.o(.text) refers to systick.o(i.SysTickPeriodSet) for SysTickPeriodSet
    sysclock.o(.text) refers to systick.o(i.SysTickIntEnable) for SysTickIntEnable
    sysclock.o(.text) refers to systick.o(i.SysTickEnable) for SysTickEnable
    sysclock.o(.text) refers to sysclock.o(.data) for .data
    sysclock.o(.text) refers to function.o(.data) for ulTimerInport
    sysclock.o(.text) refers to function.o(.data) for timer_1s
    sysclock.o(.text) refers to uart4.o(.data) for ucUART4DelayRx
    uart4.o(.text) refers to sysctl.o(i.SysCtlPeripheralEnable) for SysCtlPeripheralEnable
    uart4.o(.text) refers to gpio.o(i.GPIOPinTypeGPIOOutput) for GPIOPinTypeGPIOOutput
    uart4.o(.text) refers to gpio.o(i.GPIOPinTypeUART) for GPIOPinTypeUART
    uart4.o(.text) refers to gpio.o(i.GPIOPinConfigure) for GPIOPinConfigure
    uart4.o(.text) refers to sysctl.o(i.SysCtlClockGet) for SysCtlClockGet
    uart4.o(.text) refers to uart.o(i.UARTConfigSetExpClk) for UARTConfigSetExpClk
    uart4.o(.text) refers to interrupt.o(i.IntEnable) for IntEnable
    uart4.o(.text) refers to uart.o(i.UARTIntEnable) for UARTIntEnable
    uart4.o(.text) refers to uart.o(i.UARTFIFOLevelSet) for UARTFIFOLevelSet
    uart4.o(.text) refers to gpio.o(i.GPIOPinWrite) for GPIOPinWrite
    uart4.o(.text) refers to uart.o(i.UARTIntStatus) for UARTIntStatus
    uart4.o(.text) refers to uart.o(i.UARTIntClear) for UARTIntClear
    uart4.o(.text) refers to uart.o(i.UARTCharPutNonBlocking) for UARTCharPutNonBlocking
    uart4.o(.text) refers to uart.o(i.UARTCharGet) for UARTCharGet
    uart4.o(.text) refers to uart.o(i.UARTCharsAvail) for UARTCharsAvail
    uart4.o(.text) refers to uart.o(i.UARTCharPut) for UARTCharPut
    uart4.o(.text) refers to uart4.o(.data) for .data
    startup_rvmdk.o(STACK) refers (Special) to heapauxi.o(.text) for __use_two_region_memory
    startup_rvmdk.o(HEAP) refers (Special) to heapauxi.o(.text) for __use_two_region_memory
    startup_rvmdk.o(RESET) refers (Special) to heapauxi.o(.text) for __use_two_region_memory
[...]
    sysctl.o(i.SysCtlDeepSleep) refers to cpu.o(.emb_text) for CPUwfi
    sysctl.o(i.SysCtlIntRegister) refers to interrupt.o(i.IntRegister) for IntRegister
    sysctl.o(i.SysCtlIntRegister) refers to interrupt.o(i.IntEnable) for IntEnable
    sysctl.o(i.SysCtlIntUnregister) refers to interrupt.o(i.IntDisable) for IntDisable
    sysctl.o(i.SysCtlIntUnregister) refers to interrupt.o(i.IntUnregister) for IntUnregister
    sysctl.o(i.SysCtlSleep) refers to cpu.o(.emb_text) for CPUwfi
    sysctl.o(i.SysCtlVCOGet) refers to sysctl.o(.constdata) for .constdata
    systick.o(i.SysTickIntRegister) refers to interrupt.o(i.IntRegister) for IntRegister
    systick.o(i.SysTickIntUnregister) refers to interrupt.o(i.IntUnregister) for IntUnregister
    uart.o(i.UARTIntRegister) refers to interrupt.o(i.IntRegister) for IntRegister
    uart.o(i.UARTIntRegister) refers to interrupt.o(i.IntEnable) for IntEnable
    uart.o(i.UARTIntRegister) refers to uart.o(.constdata) for .constdata
    uart.o(i.UARTIntUnregister) refers to interrupt.o(i.IntDisable) for IntDisable
    uart.o(i.UARTIntUnregister) refers to interrupt.o(i.IntUnregister) for IntUnregister
    uart.o(i.UARTIntUnregister) refers to uart.o(.constdata) for .constdata
    watchdog.o(i.WatchdogIntRegister) refers to interrupt.o(i.IntRegister) for IntRegister
    watchdog.o(i.WatchdogIntRegister) refers to interrupt.o(i.IntEnable) for IntEnable
    watchdog.o(i.WatchdogIntUnregister) refers to interrupt.o(i.IntDisable) for IntDisable
    watchdog.o(i.WatchdogIntUnregister) refers to interrupt.o(i.IntUnregister) for IntUnregister
    __main.o(!!!main) refers to rtentry.o(.ARM.Collect$$rtentry$$00000000) for __rt_entry
    daddsub_clz.o(x$fpl$dadd) refers (Special) to usenofp.o(x$fpl$usenofp) for __I$use$fp
    daddsub_clz.o(x$fpl$dadd) refers to daddsub_clz.o(x$fpl$dsub) for _dsub1
    daddsub_clz.o(x$fpl$dadd) refers to dretinf.o(x$fpl$dretinf) for __fpl_dretinf
    daddsub_clz.o(x$fpl$dadd) refers to dnaninf.o(x$fpl$dnaninf) for __fpl_dnaninf
    daddsub_clz.o(x$fpl$drsb) refers (Special) to usenofp.o(x$fpl$usenofp) for __I$use$fp
    daddsub_clz.o(x$fpl$drsb) refers to daddsub_clz.o(x$fpl$dadd) for _dadd1
    daddsub_clz.o(x$fpl$drsb) refers to daddsub_clz.o(x$fpl$dsub) for _dsub1
    daddsub_clz.o(x$fpl$dsub) refers (Special) to usenofp.o(x$fpl$usenofp) for __I$use$fp
    daddsub_clz.o(x$fpl$dsub) refers to daddsub_clz.o(x$fpl$dadd) for _dadd1
    daddsub_clz.o(x$fpl$dsub) refers to dnaninf.o(x$fpl$dnaninf) for __fpl_dnaninf
    ddiv.o(x$fpl$drdiv) refers (Special) to usenofp.o(x$fpl$usenofp) for __I$use$fp
    ddiv.o(x$fpl$drdiv) refers to ddiv.o(x$fpl$ddiv) for ddiv_entry
    ddiv.o(x$fpl$ddiv) refers (Special) to usenofp.o(x$fpl$usenofp) for __I$use$fp
    ddiv.o(x$fpl$ddiv) refers to dretinf.o(x$fpl$dretinf) for __fpl_dretinf
    ddiv.o(x$fpl$ddiv) refers to dnaninf.o(x$fpl$dnaninf) for __fpl_dnaninf
    dfixu.o(x$fpl$dfixu) refers (Special) to usenofp.o(x$fpl$usenofp) for __I$use$fp
    dfixu.o(x$fpl$dfixu) refers to dnaninf.o(x$fpl$dnaninf) for __fpl_dnaninf
    dfixu.o(x$fpl$dfixur) refers (Special) to usenofp.o(x$fpl$usenofp) for __I$use$fp
    dfixu.o(x$fpl$dfixur) refers to dnaninf.o(x$fpl$dnaninf) for __fpl_dnaninf
    dflt_clz.o(x$fpl$dfltu) refers (Special) to usenofp.o(x$fpl$usenofp) for __I$use$fp
    dflt_clz.o(x$fpl$dflt) refers (Special) to usenofp.o(x$fpl$usenofp) for __I$use$fp
    dflt_clz.o(x$fpl$dfltn) refers (Special) to usenofp.o(x$fpl$usenofp) for __I$use$fp
    dleqf.o(x$fpl$dleqf) refers (Special) to usenofp.o(x$fpl$usenofp) for __I$use$fp
    dleqf.o(x$fpl$dleqf) refers to dnaninf.o(x$fpl$dnaninf) for __fpl_dnaninf
    dleqf.o(x$fpl$dleqf) refers to dcmpi.o(x$fpl$dcmpinf) for __fpl_dcmp_Inf
    dmul.o(x$fpl$dmul) refers (Special) to usenofp.o(x$fpl$usenofp) for __I$use$fp
    dmul.o(x$fpl$dmul) refers to dretinf.o(x$fpl$dretinf) for __fpl_dretinf
    dmul.o(x$fpl$dmul) refers to dnaninf.o(x$fpl$dnaninf) for __fpl_dnaninf
    drleqf.o(x$fpl$drleqf) refers (Special) to usenofp.o(x$fpl$usenofp) for __I$use$fp
    drleqf.o(x$fpl$drleqf) refers to dleqf.o(x$fpl$dleqf) for __fpl_dcmple_InfNaN
    rtentry.o(.ARM.Collect$$rtentry$$00000000) refers (Special) to rtentry2.o(.ARM.Collect$$rtentry$$0000000A) for __rt_entry_li
    rtentry.o(.ARM.Collect$$rtentry$$00000000) refers (Special) to rtentry2.o(.ARM.Collect$$rtentry$$0000000D) for __rt_entry_main
    rtentry.o(.ARM.Collect$$rtentry$$00000000) refers (Special) to rtentry2.o(.ARM.Collect$$rtentry$$0000000C) for __rt_entry_postli_1
    rtentry.o(.ARM.Collect$$rtentry$$00000000) refers (Special) to rtentry2.o(.ARM.Collect$$rtentry$$00000009) for __rt_entry_postsh_1
    rtentry.o(.ARM.Collect$$rtentry$$00000000) refers (Special) to rtentry2.o(.ARM.Collect$$rtentry$$00000002) for __rt_entry_presh_1
    rtentry.o(.ARM.Collect$$rtentry$$00000000) refers (Special) to rtentry4.o(.ARM.Collect$$rtentry$$00000004) for __rt_entry_sh
    dcmpi.o(x$fpl$dcmpinf) refers (Special) to usenofp.o(x$fpl$usenofp) for __I$use$fp
    dnaninf.o(x$fpl$dnaninf) refers (Special) to usenofp.o(x$fpl$usenofp) for __I$use$fp
    dretinf.o(x$fpl$dretinf) refers (Special) to usenofp.o(x$fpl$usenofp) for __I$use$fp
    rtentry2.o(.ARM.Collect$$rtentry$$00000008) refers to boardinit2.o(.text) for _platform_post_stackheap_init
    rtentry2.o(.ARM.Collect$$rtentry$$0000000A) refers to libinit.o(.ARM.Collect$$libinit$$00000000) for __rt_lib_init
    rtentry2.o(.ARM.Collect$$rtentry$$0000000B) refers to boardinit3.o(.text) for _platform_post_lib_init
    rtentry2.o(.ARM.Collect$$rtentry$$0000000D) refers to main.o(.text) for main
    rtentry2.o(.ARM.Collect$$rtentry$$0000000D) refers to exit.o(.text) for exit
    rtentry2.o(.ARM.exidx) refers to rtentry2.o(.ARM.Collect$$rtentry$$00000001) for .ARM.Collect$$rtentry$$00000001
    rtentry2.o(.ARM.exidx) refers to rtentry2.o(.ARM.Collect$$rtentry$$00000008) for .ARM.Collect$$rtentry$$00000008
    rtentry2.o(.ARM.exidx) refers to rtentry2.o(.ARM.Collect$$rtentry$$0000000A) for .ARM.Collect$$rtentry$$0000000A
    rtentry2.o(.ARM.exidx) refers to rtentry2.o(.ARM.Collect$$rtentry$$0000000B) for .ARM.Collect$$rtentry$$0000000B
    rtentry2.o(.ARM.exidx) refers to rtentry2.o(.ARM.Collect$$rtentry$$0000000D) for .ARM.Collect$$rtentry$$0000000D
    rtentry4.o(.ARM.Collect$$rtentry$$00000004) refers to sys_stackheap_outer.o(.text) for __user_setup_stackheap
    rtentry4.o(.ARM.exidx) refers to rtentry4.o(.ARM.Collect$$rtentry$$00000004) for .ARM.Collect$$rtentry$$00000004
    sys_stackheap_outer.o(.text) refers to libspace.o(.text) for __user_perproc_libspace
    sys_stackheap_outer.o(.text) refers to startup_rvmdk.o(.text) for __user_initial_stackheap
    exit.o(.text) refers to rtexit.o(.ARM.Collect$$rtexit$$00000000) for __rt_exit
    libinit.o(.ARM.Collect$$libinit$$00000000) refers (Special) to libinit2.o(.ARM.Collect$$libinit$$0000002C) for __rt_lib_init_alloca_1
    libinit.o(.ARM.Collect$$libinit$$00000000) refers (Special) to libinit2.o(.ARM.Collect$$libinit$$0000002A) for __rt_lib_init_argv_1
    libinit.o(.ARM.Collect$$libinit$$00000000) refers (Special) to libinit2.o(.ARM.Collect$$libinit$$00000019) for __rt_lib_init_atexit_1
    libinit.o(.ARM.Collect$$libinit$$00000000) refers (Special) to libinit2.o(.ARM.Collect$$libinit$$0000001F) for __rt_lib_init_clock_1
    libinit.o(.ARM.Collect$$libinit$$00000000) refers (Special) to libinit2.o(.ARM.Collect$$libinit$$00000030) for __rt_lib_init_cpp_1
    libinit.o(.ARM.Collect$$libinit$$00000000) refers (Special) to libinit2.o(.ARM.Collect$$libinit$$0000002E) for __rt_lib_init_exceptions_1
    libinit.o(.ARM.Collect$$libinit$$00000000) refers (Special) to libinit2.o(.ARM.Collect$$libinit$$00000001) for __rt_lib_init_fp_1
    libinit.o(.ARM.Collect$$libinit$$00000000) refers (Special) to libinit2.o(.ARM.Collect$$libinit$$0000001D) for __rt_lib_init_fp_trap_1
    libinit.o(.ARM.Collect$$libinit$$00000000) refers (Special) to libinit2.o(.ARM.Collect$$libinit$$00000021) for __rt_lib_init_getenv_1
    libinit.o(.ARM.Collect$$libinit$$00000000) refers (Special) to libinit2.o(.ARM.Collect$$libinit$$00000008) for __rt_lib_init_heap_1
    libinit.o(.ARM.Collect$$libinit$$00000000) refers (Special) to libinit2.o(.ARM.Collect$$libinit$$0000000F) for __rt_lib_init_lc_collate_1
    libinit.o(.ARM.Collect$$libinit$$00000000) refers (Special) to libinit2.o(.ARM.Collect$$libinit$$00000011) for __rt_lib_init_lc_ctype_1
    libinit.o(.ARM.Collect$$libinit$$00000000) refers (Special) to libinit2.o(.ARM.Collect$$libinit$$00000013) for __rt_lib_init_lc_monetary_1
    libinit.o(.ARM.Collect$$libinit$$00000000) refers (Special) to libinit2.o(.ARM.Collect$$libinit$$00000015) for __rt_lib_init_lc_numeric_1
    libinit.o(.ARM.Collect$$libinit$$00000000) refers (Special) to libinit2.o(.ARM.Collect$$libinit$$00000017) for __rt_lib_init_lc_time_1
    libinit.o(.ARM.Collect$$libinit$$00000000) refers (Special) to libinit2.o(.ARM.Collect$$libinit$$0000000C) for __rt_lib_init_rand_1
    libinit.o(.ARM.Collect$$libinit$$00000000) refers (Special) to libinit2.o(.ARM.Collect$$libinit$$00000031) for __rt_lib_init_return
    libinit.o(.ARM.Collect$$libinit$$00000000) refers (Special) to libinit2.o(.ARM.Collect$$libinit$$0000001B) for __rt_lib_init_signal_1
    libinit.o(.ARM.Collect$$libinit$$00000000) refers (Special) to libinit2.o(.ARM.Collect$$libinit$$00000023) for __rt_lib_init_stdio_1
    libinit.o(.ARM.Collect$$libinit$$00000000) refers (Special) to libinit2.o(.ARM.Collect$$libinit$$0000000A) for __rt_lib_init_user_alloc_1
    libspace.o(.text) refers to libspace.o(.bss) for __libspace_start
    rtexit.o(.ARM.Collect$$rtexit$$00000000) refers (Special) to rtexit2.o(.ARM.Collect$$rtexit$$00000004) for __rt_exit_exit
    rtexit.o(.ARM.Collect$$rtexit$$00000000) refers (Special) to rtexit2.o(.ARM.Collect$$rtexit$$00000003) for __rt_exit_ls
    rtexit.o(.ARM.Collect$$rtexit$$00000000) refers (Special) to rtexit2.o(.ARM.Collect$$rtexit$$00000002) for __rt_exit_prels_1
    rtexit.o(.ARM.exidx) refers (Special) to rtexit2.o(.ARM.Collect$$rtexit$$00000004) for __rt_exit_exit
    rtexit.o(.ARM.exidx) refers (Special) to rtexit2.o(.ARM.Collect$$rtexit$$00000003) for __rt_exit_ls
    rtexit.o(.ARM.exidx) refers (Special) to rtexit2.o(.ARM.Collect$$rtexit$$00000002) for __rt_exit_prels_1
    rtexit.o(.ARM.exidx) refers to rtexit.o(.ARM.Collect$$rtexit$$00000000) for .ARM.Collect$$rtexit$$00000000
    libinit2.o(.ARM.Collect$$libinit$$00000001) refers to fpinit.o(x$fpl$fpinit) for _fp_init
    libinit2.o(.ARM.Collect$$libinit$$0000000E) refers to libinit2.o(.ARM.Collect$$libinit$$0000000D) for .ARM.Collect$$libinit$$0000000D
    libinit2.o(.ARM.Collect$$libinit$$00000010) refers to libinit2.o(.ARM.Collect$$libinit$$0000000D) for .ARM.Collect$$libinit$$0000000D
    libinit2.o(.ARM.Collect$$libinit$$00000012) refers to libinit2.o(.ARM.Collect$$libinit$$0000000D) for .ARM.Collect$$libinit$$0000000D
    libinit2.o(.ARM.Collect$$libinit$$00000014) refers to libinit2.o(.ARM.Collect$$libinit$$0000000D) for .ARM.Collect$$libinit$$0000000D
    libinit2.o(.ARM.Collect$$libinit$$00000016) refers to libinit2.o(.ARM.Collect$$libinit$$0000000D) for .ARM.Collect$$libinit$$0000000D
    libinit2.o(.ARM.Collect$$libinit$$00000024) refers to argv_veneer.o(.emb_text) for __ARM_argv_veneer
    libinit2.o(.ARM.Collect$$libinit$$00000025) refers to argv_veneer.o(.emb_text) for __ARM_argv_veneer
    rtexit2.o(.ARM.Collect$$rtexit$$00000003) refers to libshutdown.o(.ARM.Collect$$libshutdown$$00000000) for __rt_lib_shutdown
    rtexit2.o(.ARM.Collect$$rtexit$$00000004) refers to sys_exit.o(.text) for _sys_exit
    rtexit2.o(.ARM.exidx) refers to rtexit2.o(.ARM.Collect$$rtexit$$00000001) for .ARM.Collect$$rtexit$$00000001
    rtexit2.o(.ARM.exidx) refers to rtexit2.o(.ARM.Collect$$rtexit$$00000003) for .ARM.Collect$$rtexit$$00000003
    rtexit2.o(.ARM.exidx) refers to rtexit2.o(.ARM.Collect$$rtexit$$00000004) for .ARM.Collect$$rtexit$$00000004
    argv_veneer.o(.emb_text) refers to no_argv.o(.text) for __ARM_get_argv
    sys_exit.o(.text) refers (Special) to use_no_semi.o(.text) for __I$use$semihosting
    sys_exit.o(.text) refers (Special) to indicate_semi.o(.text) for __semihosting_library_function
    _get_argv_nomalloc.o(.text) refers (Special) to hrguard.o(.text) for __heap_region$guard
    _get_argv_nomalloc.o(.text) refers to defsig_rtmem_outer.o(.text) for __rt_SIGRTMEM
    _get_argv_nomalloc.o(.text) refers to sys_command.o(.text) for _sys_command_string
    libshutdown.o(.ARM.Collect$$libshutdown$$00000000) refers (Special) to libshutdown2.o(.ARM.Collect$$libshutdown$$00000006) for __rt_lib_shutdown_fp_trap_1
    libshutdown.o(.ARM.Collect$$libshutdown$$00000000) refers (Special) to libshutdown2.o(.ARM.Collect$$libshutdown$$0000000E) for __rt_lib_shutdown_heap_1
    libshutdown.o(.ARM.Collect$$libshutdown$$00000000) refers (Special) to libshutdown2.o(.ARM.Collect$$libshutdown$$0000000F) for __rt_lib_shutdown_return
    libshutdown.o(.ARM.Collect$$libshutdown$$00000000) refers (Special) to libshutdown2.o(.ARM.Collect$$libshutdown$$00000009) for __rt_lib_shutdown_signal_1
    libshutdown.o(.ARM.Collect$$libshutdown$$00000000) refers (Special) to libshutdown2.o(.ARM.Collect$$libshutdown$$00000003) for __rt_lib_shutdown_stdio_1
    libshutdown.o(.ARM.Collect$$libshutdown$$00000000) refers (Special) to libshutdown2.o(.ARM.Collect$$libshutdown$$0000000B) for __rt_lib_shutdown_user_alloc_1
    sys_command.o(.text) refers (Special) to use_no_semi.o(.text) for __I$use$semihosting
    sys_command.o(.text) refers (Special) to indicate_semi.o(.text) for __semihosting_library_function
    defsig_rtmem_outer.o(.text) refers to defsig_rtmem_inner.o(.text) for __rt_SIGRTMEM_inner
    defsig_rtmem_outer.o(.text) refers to defsig_exit.o(.text) for __sig_exit
    defsig_rtmem_formal.o(.text) refers to rt_raise.o(.text) for __rt_raise
    rt_raise.o(.text) refers to __raise.o(.text) for __raise
    rt_raise.o(.text) refers to sys_exit.o(.text) for _sys_exit
    defsig_exit.o(.text) refers to sys_exit.o(.text) for _sys_exit
    defsig_rtmem_inner.o(.text) refers to defsig_general.o(.text) for __default_signal_display
    __raise.o(.text) refers to defsig.o(CL$$defsig) for __default_signal_handler
    defsig_general.o(.text) refers to sys_wrch.o(.text) for _ttywrch
    sys_wrch.o(.text) refers (Special) to use_no_semi.o(.text) for __I$use$semihosting
    sys_wrch.o(.text) refers (Special) to indicate_semi.o(.text) for __semihosting_library_function
    defsig.o(CL$$defsig) refers to defsig_rtmem_inner.o(.text) for __rt_SIGRTMEM_inner
    defsig_abrt_inner.o(.text) refers to defsig_general.o(.text) for __default_signal_display
    defsig_fpe_inner.o(.text) refers to defsig_general.o(.text) for __default_signal_display
    defsig_rtred_inner.o(.text) refers to defsig_general.o(.text) for __default_signal_display
    defsig_stak_inner.o(.text) refers to defsig_general.o(.text) for __default_signal_display
    defsig_pvfn_inner.o(.text) refers to defsig_general.o(.text) for __default_signal_display
    defsig_cppl_inner.o(.text) refers to defsig_general.o(.text) for __default_signal_display
    defsig_segv_inner.o(.text) refers to defsig_general.o(.text) for __default_signal_display
    defsig_other.o(.text) refers to defsig_general.o(.text) for __default_signal_display


==============================================================================

Removing Unused input sections from the image.

    Removing adc.o(.data), (2 bytes).
    Removing display.o(.data), (4 bytes).
    Removing display.o(.data), (4 bytes).
    Removing display.o(.data), (4 bytes).
    Removing function.o(.data), (1 bytes).
    Removing function.o(.data), (1 bytes).
    Removing function.o(.data), (7 bytes).
    Removing function.o(.data), (1 bytes).
    Removing function.o(.data), (4 bytes).
    Removing function.o(.data), (4 bytes).
    Removing function.o(.data), (1 bytes).
    Removing function.o(.data), (8 bytes).
    Removing function.o(.data), (8 bytes).
    Removing uart4.o(.data), (1 bytes).
    Removing adc.o(i.ADCBusy), (8 bytes).
    Removing adc.o(i.ADCClockConfigGet), (32 bytes).
    Removing adc.o(i.ADCClockConfigSet), (28 bytes).
    Removing adc.o(i.ADCComparatorConfigure), (10 bytes).
    Removing adc.o(i.ADCComparatorIntClear), (4 bytes).
    Removing adc.o(i.ADCComparatorIntDisable), (18 bytes).
    Removing adc.o(i.ADCComparatorIntEnable), (16 bytes).
    Removing adc.o(i.ADCComparatorIntStatus), (4 bytes).
    Removing adc.o(i.ADCComparatorRegionSet), (14 bytes).
    Removing adc.o(i.ADCComparatorReset), (40 bytes).
    Removing adc.o(i.ADCHardwareOversampleConfigure), (18 bytes).
    Removing adc.o(i.ADCIntClearEx), (4 bytes).
    Removing adc.o(i.ADCIntDisableEx), (10 bytes).
    Removing adc.o(i.ADCIntEnableEx), (8 bytes).
    Removing adc.o(i.ADCIntStatusEx), (22 bytes).
    Removing adc.o(i.ADCIntUnregister), (108 bytes).
    Removing adc.o(i.ADCPhaseDelayGet), (4 bytes).
    Removing adc.o(i.ADCPhaseDelaySet), (4 bytes).
    Removing adc.o(i.ADCReferenceGet), (8 bytes).
    Removing adc.o(i.ADCSequenceDMADisable), (18 bytes).
    Removing adc.o(i.ADCSequenceDMAEnable), (16 bytes).
    Removing adc.o(i.ADCSequenceOverflow), (12 bytes).
    Removing adc.o(i.ADCSequenceOverflowClear), (10 bytes).
    Removing adc.o(i.ADCSequenceUnderflow), (12 bytes).
    Removing adc.o(i.ADCSequenceUnderflowClear), (10 bytes).
    Removing adc.o(i.ADCSoftwareOversampleConfigure), (44 bytes).
    Removing adc.o(i.ADCSoftwareOversampleDataGet), (88 bytes).
    Removing adc.o(i.ADCSoftwareOversampleStepConfigure), (168 bytes).
    Removing adc.o(.data), (6 bytes).
    Removing gpio.o(i.GPIOADCTriggerDisable), (14 bytes).
    Removing gpio.o(i.GPIOADCTriggerEnable), (12 bytes).
    Removing gpio.o(i.GPIODMATriggerDisable), (14 bytes).
    Removing gpio.o(i.GPIODMATriggerEnable), (12 bytes).
    Removing gpio.o(i.GPIODirModeGet), (34 bytes).
    Removing gpio.o(i.GPIOIntClear), (6 bytes).
    Removing gpio.o(i.GPIOIntDisable), (14 bytes).
    Removing gpio.o(i.GPIOIntEnable), (12 bytes).
    Removing gpio.o(i.GPIOIntRegister), (26 bytes).
    Removing gpio.o(i.GPIOIntRegisterPin), (30 bytes).
    Removing gpio.o(i.GPIOIntStatus), (14 bytes).
    Removing gpio.o(i.GPIOIntTypeGet), (68 bytes).
    Removing gpio.o(i.GPIOIntTypeSet), (80 bytes).
    Removing gpio.o(i.GPIOIntUnregister), (22 bytes).
    Removing gpio.o(i.GPIOIntUnregisterPin), (26 bytes).
    Removing gpio.o(i.GPIOPadConfigGet), (204 bytes).
    Removing gpio.o(i.GPIOPinTypeCAN), (28 bytes).
    Removing gpio.o(i.GPIOPinTypeComparator), (28 bytes).
    Removing gpio.o(i.GPIOPinTypeComparatorOutput), (28 bytes).
    Removing gpio.o(i.GPIOPinTypeDIVSCLK), (28 bytes).
    Removing gpio.o(i.GPIOPinTypeEPI), (28 bytes).
    Removing gpio.o(i.GPIOPinTypeEthernetLED), (28 bytes).
    Removing gpio.o(i.GPIOPinTypeEthernetMII), (28 bytes).
    Removing gpio.o(i.GPIOPinTypeGPIOOutputOD), (28 bytes).
    Removing gpio.o(i.GPIOPinTypeHibernateRTCCLK), (28 bytes).
    Removing gpio.o(i.GPIOPinTypeI2C), (28 bytes).
    Removing gpio.o(i.GPIOPinTypeI2CSCL), (28 bytes).
    Removing gpio.o(i.GPIOPinTypeLCD), (28 bytes).
    Removing gpio.o(i.GPIOPinTypeOneWire), (28 bytes).
    Removing gpio.o(i.GPIOPinTypePWM), (28 bytes).
    Removing gpio.o(i.GPIOPinTypeQEI), (28 bytes).
    Removing gpio.o(i.GPIOPinTypeSSI), (28 bytes).
    Removing gpio.o(i.GPIOPinTypeTimer), (28 bytes).
    Removing gpio.o(i.GPIOPinTypeTrace), (28 bytes).
    Removing gpio.o(i.GPIOPinTypeUSBAnalog), (28 bytes).
    Removing gpio.o(i.GPIOPinTypeUSBDigital), (28 bytes).
    Removing gpio.o(i.GPIOPinTypeWakeHigh), (30 bytes).
    Removing gpio.o(i.GPIOPinTypeWakeLow), (30 bytes).
    Removing gpio.o(i.GPIOPinWakeStatus), (6 bytes).
    Removing gpio.o(i._GPIOIntNumberGet), (80 bytes).
    Removing interrupt.o(i.IntDisable), (100 bytes).
    Removing interrupt.o(i.IntIsEnabled), (96 bytes).
    Removing interrupt.o(i.IntMasterDisable), (14 bytes).
    Removing interrupt.o(i.IntPendClear), (68 bytes).
    Removing interrupt.o(i.IntPendSet), (84 bytes).
    Removing interrupt.o(i.IntPriorityGet), (28 bytes).
    Removing interrupt.o(i.IntPriorityGroupingGet), (36 bytes).
    Removing interrupt.o(i.IntPriorityGroupingSet), (28 bytes).
    Removing interrupt.o(i.IntPriorityMaskGet), (4 bytes).
    Removing interrupt.o(i.IntPriorityMaskSet), (4 bytes).
    Removing interrupt.o(i.IntPrioritySet), (40 bytes).
    Removing interrupt.o(i.IntTrigger), (12 bytes).
    Removing interrupt.o(i.IntUnregister), (20 bytes).
    Removing interrupt.o(i._IntDefaultHandler), (2 bytes).
    Removing sysctl.o(i.SysCtlAltClkConfig), (12 bytes).
    Removing sysctl.o(i.SysCtlClockFreqSet), (740 bytes).
    Removing sysctl.o(i.SysCtlClockOutConfig), (20 bytes).
    Removing sysctl.o(i.SysCtlDeepSleep), (32 bytes).
    Removing sysctl.o(i.SysCtlDeepSleepClockConfigSet), (112 bytes).
    Removing sysctl.o(i.SysCtlDeepSleepClockSet), (12 bytes).
    Removing sysctl.o(i.SysCtlDeepSleepPowerSet), (12 bytes).
    Removing sysctl.o(i.SysCtlFlashSectorSizeGet), (56 bytes).
    Removing sysctl.o(i.SysCtlFlashSizeGet), (56 bytes).
    Removing sysctl.o(i.SysCtlGPIOAHBDisable), (28 bytes).
    Removing sysctl.o(i.SysCtlGPIOAHBEnable), (24 bytes).
    Removing sysctl.o(i.SysCtlIntClear), (12 bytes).
    Removing sysctl.o(i.SysCtlIntDisable), (16 bytes).
    Removing sysctl.o(i.SysCtlIntEnable), (16 bytes).
    Removing sysctl.o(i.SysCtlIntRegister), (20 bytes).
    Removing sysctl.o(i.SysCtlIntStatus), (16 bytes).
    Removing sysctl.o(i.SysCtlIntUnregister), (18 bytes).
    Removing sysctl.o(i.SysCtlLDODeepSleepGet), (12 bytes).
    Removing sysctl.o(i.SysCtlLDODeepSleepSet), (12 bytes).
    Removing sysctl.o(i.SysCtlLDOSleepGet), (12 bytes).
    Removing sysctl.o(i.SysCtlLDOSleepSet), (12 bytes).
    Removing sysctl.o(i.SysCtlMOSCConfigSet), (12 bytes).
    Removing sysctl.o(i.SysCtlNMIClear), (16 bytes).
    Removing sysctl.o(i.SysCtlNMIStatus), (12 bytes).
    Removing sysctl.o(i.SysCtlPIOSCCalibrate), (76 bytes).
    Removing sysctl.o(i.SysCtlPWMClockGet), (24 bytes).
    Removing sysctl.o(i.SysCtlPWMClockSet), (20 bytes).
    Removing sysctl.o(i.SysCtlPeripheralClockGating), (68 bytes).
    Removing sysctl.o(i.SysCtlPeripheralDeepSleepDisable), (40 bytes).
    Removing sysctl.o(i.SysCtlPeripheralDeepSleepEnable), (40 bytes).
    Removing sysctl.o(i.SysCtlPeripheralDisable), (40 bytes).
    Removing sysctl.o(i.SysCtlPeripheralPowerOff), (40 bytes).
    Removing sysctl.o(i.SysCtlPeripheralPowerOn), (40 bytes).
    Removing sysctl.o(i.SysCtlPeripheralPresent), (44 bytes).
    Removing sysctl.o(i.SysCtlPeripheralReady), (44 bytes).
    Removing sysctl.o(i.SysCtlPeripheralReset), (60 bytes).
    Removing sysctl.o(i.SysCtlPeripheralSleepDisable), (40 bytes).
    Removing sysctl.o(i.SysCtlPeripheralSleepEnable), (40 bytes).
    Removing sysctl.o(i.SysCtlReset), (16 bytes).
    Removing sysctl.o(i.SysCtlResetBehaviorGet), (12 bytes).
    Removing sysctl.o(i.SysCtlResetBehaviorSet), (12 bytes).
    Removing sysctl.o(i.SysCtlResetCauseClear), (16 bytes).
    Removing sysctl.o(i.SysCtlResetCauseGet), (12 bytes).
    Removing sysctl.o(i.SysCtlSRAMSizeGet), (16 bytes).
    Removing sysctl.o(i.SysCtlSleep), (4 bytes).
    Removing sysctl.o(i.SysCtlSleepPowerSet), (12 bytes).
    Removing sysctl.o(i.SysCtlUSBPLLDisable), (16 bytes).
    Removing sysctl.o(i.SysCtlUSBPLLEnable), (16 bytes).
    Removing sysctl.o(i.SysCtlVCOGet), (120 bytes).
    Removing sysctl.o(i.SysCtlVoltageEventClear), (16 bytes).
    Removing sysctl.o(i.SysCtlVoltageEventConfig), (12 bytes).
    Removing sysctl.o(i.SysCtlVoltageEventStatus), (12 bytes).
    Removing systick.o(i.SysTickDisable), (14 bytes).
    Removing systick.o(i.SysTickIntDisable), (14 bytes).
    Removing systick.o(i.SysTickIntRegister), (24 bytes).
    Removing systick.o(i.SysTickIntUnregister), (18 bytes).
    Removing systick.o(i.SysTickPeriodGet), (10 bytes).
    Removing systick.o(i.SysTickValueGet), (8 bytes).
    Removing uart.o(i.UART9BitAddrSend), (38 bytes).
    Removing uart.o(i.UART9BitAddrSet), (10 bytes).
    Removing uart.o(i.UART9BitDisable), (14 bytes).
    Removing uart.o(i.UART9BitEnable), (14 bytes).
    Removing uart.o(i.UARTBreakCtl), (18 bytes).
    Removing uart.o(i.UARTBusy), (8 bytes).
    Removing uart.o(i.UARTCharGetNonBlocking), (16 bytes).
    Removing uart.o(i.UARTClockSourceGet), (6 bytes).
    Removing uart.o(i.UARTClockSourceSet), (6 bytes).
    Removing uart.o(i.UARTConfigGetExpClk), (46 bytes).
    Removing uart.o(i.UARTDMADisable), (10 bytes).
    Removing uart.o(i.UARTDMAEnable), (8 bytes).
    Removing uart.o(i.UARTDisable), (30 bytes).
    Removing uart.o(i.UARTDisableSIR), (10 bytes).
    Removing uart.o(i.UARTEnable), (20 bytes).
    Removing uart.o(i.UARTEnableSIR), (18 bytes).
    Removing uart.o(i.UARTFIFODisable), (10 bytes).
    Removing uart.o(i.UARTFIFOEnable), (10 bytes).
    Removing uart.o(i.UARTFIFOLevelGet), (16 bytes).
    Removing uart.o(i.UARTFlowControlGet), (8 bytes).
    Removing uart.o(i.UARTFlowControlSet), (12 bytes).
    Removing uart.o(i.UARTIntDisable), (10 bytes).
    Removing uart.o(i.UARTIntRegister), (88 bytes).
    Removing uart.o(i.UARTIntUnregister), (88 bytes).
    Removing uart.o(i.UARTLoopbackEnable), (10 bytes).
    Removing uart.o(i.UARTModemControlClear), (14 bytes).
    Removing uart.o(i.UARTModemControlGet), (8 bytes).
    Removing uart.o(i.UARTModemControlSet), (12 bytes).
    Removing uart.o(i.UARTModemStatusGet), (10 bytes).
    Removing uart.o(i.UARTParityModeGet), (8 bytes).
    Removing uart.o(i.UARTParityModeSet), (12 bytes).
    Removing uart.o(i.UARTRxErrorClear), (6 bytes).
    Removing uart.o(i.UARTRxErrorGet), (8 bytes).
    Removing uart.o(i.UARTSmartCardDisable), (10 bytes).
    Removing uart.o(i.UARTSmartCardEnable), (22 bytes).
    Removing uart.o(i.UARTSpaceAvail), (10 bytes).
    Removing uart.o(i.UARTTxIntModeGet), (8 bytes).
    Removing uart.o(i.UARTTxIntModeSet), (12 bytes).
    Removing uart.o(.constdata), (128 bytes).
    Removing watchdog.o(i.WatchdogIntEnable), (10 bytes).
    Removing watchdog.o(i.WatchdogIntRegister), (18 bytes).
    Removing watchdog.o(i.WatchdogIntStatus), (10 bytes).
    Removing watchdog.o(i.WatchdogIntTypeSet), (12 bytes).
    Removing watchdog.o(i.WatchdogIntUnregister), (18 bytes).
    Removing watchdog.o(i.WatchdogLock), (8 bytes).
    Removing watchdog.o(i.WatchdogLockState), (12 bytes).
    Removing watchdog.o(i.WatchdogReloadGet), (4 bytes).
    Removing watchdog.o(i.WatchdogResetDisable), (10 bytes).
    Removing watchdog.o(i.WatchdogRunning), (8 bytes).
    Removing watchdog.o(i.WatchdogStallDisable), (14 bytes).
    Removing watchdog.o(i.WatchdogStallEnable), (14 bytes).
    Removing watchdog.o(i.WatchdogUnlock), (12 bytes).
    Removing watchdog.o(i.WatchdogValueGet), (4 bytes).

208 unused section(s) (total 5856 bytes) removed from the image.

==============================================================================

Image Symbol Table

    Local Symbols

    Symbol Name                              Value     Ov Type        Size  Object(Section)

    RESET                                    0x00000000   Section      648  startup_rvmdk.o(RESET)
    ../clib/angel/boardlib.s                 0x00000000   Number         0  boardinit3.o ABSOLUTE
    ../clib/angel/boardlib.s                 0x00000000   Number         0  boardinit2.o ABSOLUTE
    ../clib/angel/boardlib.s                 0x00000000   Number         0  boardinit1.o ABSOLUTE
    ../clib/angel/boardlib.s                 0x00000000   Number         0  boardshut.o ABSOLUTE
    ../clib/angel/dczerorl.s                 0x00000000   Number         0  __dczerorl.o ABSOLUTE
    ../clib/angel/handlers.s                 0x00000000   Number         0  __scatter_zi.o ABSOLUTE
    ../clib/angel/kernel.s                   0x00000000   Number         0  rtexit.o ABSOLUTE
    ../clib/angel/kernel.s                   0x00000000   Number         0  rtentry4.o ABSOLUTE
    ../clib/angel/kernel.s                   0x00000000   Number         0  rtentry2.o ABSOLUTE
    ../clib/angel/kernel.s                   0x00000000   Number         0  rtentry.o ABSOLUTE
    ../clib/angel/kernel.s                   0x00000000   Number         0  rtexit2.o ABSOLUTE
    ../clib/angel/rt.s                       0x00000000   Number         0  rt_raise.o ABSOLUTE
    ../clib/angel/scatter.s                  0x00000000   Number         0  __scatter.o ABSOLUTE
    ../clib/angel/startup.s                  0x00000000   Number         0  __main.o ABSOLUTE
    ../clib/angel/sys.s                      0x00000000   Number         0  indicate_semi.o ABSOLUTE
    ../clib/angel/sys.s                      0x00000000   Number         0  use_no_semi.o ABSOLUTE
    ../clib/angel/sys.s                      0x00000000   Number         0  sys_stackheap_outer.o ABSOLUTE
    ../clib/angel/sys.s                      0x00000000   Number         0  libspace.o ABSOLUTE
    ../clib/angel/sysapp.c                   0x00000000   Number         0  sys_command.o ABSOLUTE
    ../clib/angel/sysapp.c                   0x00000000   Number         0  sys_wrch.o ABSOLUTE
    ../clib/angel/sysapp.c                   0x00000000   Number         0  sys_exit.o ABSOLUTE
    ../clib/armsys.c                         0x00000000   Number         0  argv_veneer.o ABSOLUTE
    ../clib/armsys.c                         0x00000000   Number         0  no_argv.o ABSOLUTE
    ../clib/armsys.c                         0x00000000   Number         0  argv_veneer.o ABSOLUTE
    ../clib/armsys.c                         0x00000000   Number         0  _get_argv_nomalloc.o ABSOLUTE
    ../clib/heapalloc.c                      0x00000000   Number         0  hrguard.o ABSOLUTE
    ../clib/heapaux.c                        0x00000000   Number         0  heapauxi.o ABSOLUTE
    ../clib/libinit.s                        0x00000000   Number         0  libshutdown.o ABSOLUTE
    ../clib/libinit.s                        0x00000000   Number         0  libinit.o ABSOLUTE
    ../clib/libinit.s                        0x00000000   Number         0  libinit2.o ABSOLUTE
    ../clib/libinit.s                        0x00000000   Number         0  libshutdown2.o ABSOLUTE
    ../clib/signal.c                         0x00000000   Number         0  defsig_stak_inner.o ABSOLUTE
    ../clib/signal.c                         0x00000000   Number         0  defsig_pvfn_inner.o ABSOLUTE
    ../clib/signal.c                         0x00000000   Number         0  defsig_rtmem_inner.o ABSOLUTE
    ../clib/signal.c                         0x00000000   Number         0  defsig_general.o ABSOLUTE
    ../clib/signal.c                         0x00000000   Number         0  defsig_cppl_inner.o ABSOLUTE
    ../clib/signal.c                         0x00000000   Number         0  defsig_segv_inner.o ABSOLUTE
    ../clib/signal.c                         0x00000000   Number         0  __raise.o ABSOLUTE
    ../clib/signal.c                         0x00000000   Number         0  defsig_other.o ABSOLUTE
    ../clib/signal.c                         0x00000000   Number         0  defsig_exit.o ABSOLUTE
    ../clib/signal.c                         0x00000000   Number         0  defsig_abrt_inner.o ABSOLUTE
    ../clib/signal.c                         0x00000000   Number         0  defsig_rtmem_formal.o ABSOLUTE
    ../clib/signal.c                         0x00000000   Number         0  defsig_rtmem_outer.o ABSOLUTE
    ../clib/signal.c                         0x00000000   Number         0  defsig_fpe_inner.o ABSOLUTE
    ../clib/signal.c                         0x00000000   Number         0  defsig_rtred_inner.o ABSOLUTE
    ../clib/signal.s                         0x00000000   Number         0  defsig.o ABSOLUTE
    ../clib/stdlib.c                         0x00000000   Number         0  exit.o ABSOLUTE
    ../fplib/daddsub.s                       0x00000000   Number         0  daddsub_clz.o ABSOLUTE
    ../fplib/dcmpi.s                         0x00000000   Number         0  dcmpi.o ABSOLUTE
    ../fplib/ddiv.s                          0x00000000   Number         0  ddiv.o ABSOLUTE
    ../fplib/dfixu.s                         0x00000000   Number         0  dfixu.o ABSOLUTE
    ../fplib/dflt.s                          0x00000000   Number         0  dflt_clz.o ABSOLUTE
    ../fplib/dleqf.s                         0x00000000   Number         0  dleqf.o ABSOLUTE
    ../fplib/dmul.s                          0x00000000   Number         0  dmul.o ABSOLUTE
    ../fplib/dnaninf.s                       0x00000000   Number         0  dnaninf.o ABSOLUTE
    ../fplib/dretinf.s                       0x00000000   Number         0  dretinf.o ABSOLUTE
    ../fplib/drleqf.s                        0x00000000   Number         0  drleqf.o ABSOLUTE
    ../fplib/fpinit.s                        0x00000000   Number         0  fpinit.o ABSOLUTE
    ../fplib/usenofp.s                       0x00000000   Number         0  usenofp.o ABSOLUTE
    adc.c                                    0x00000000   Number         0  adc.o ABSOLUTE
    cpu.c                                    0x00000000   Number         0  cpu.o ABSOLUTE
    cpu.c                                    0x00000000   Number         0  cpu.o ABSOLUTE
    dc.s                                     0x00000000   Number         0  dc.o ABSOLUTE
    gpio.c                                   0x00000000   Number         0  gpio.o ABSOLUTE
    interrupt.c                              0x00000000   Number         0  interrupt.o ABSOLUTE
    src\adc.c                                0x00000000   Number         0  adc.o ABSOLUTE
    src\display.c                            0x00000000   Number         0  display.o ABSOLUTE
    src\function.c                           0x00000000   Number         0  function.o ABSOLUTE
    src\main.c                               0x00000000   Number         0  main.o ABSOLUTE
    src\startup_rvmdk.S                      0x00000000   Number         0  startup_rvmdk.o ABSOLUTE
    src\sysclock.c                           0x00000000   Number         0  sysclock.o ABSOLUTE
    src\uart4.c                              0x00000000   Number         0  uart4.o ABSOLUTE
    sysctl.c                                 0x00000000   Number         0  sysctl.o ABSOLUTE
    sysctl.c                                 0x00000000   Number         0  sysctl.o ABSOLUTE
    systick.c                                0x00000000   Number         0  systick.o ABSOLUTE
    uart.c                                   0x00000000   Number         0  uart.o ABSOLUTE
    watchdog.c                               0x00000000   Number         0  watchdog.o ABSOLUTE
    $v0                                      0x0000026c   Number         0  startup_rvmdk.o(RESET)
    NmiSR                                    0x00000281   Thumb Code     0  startup_rvmdk.o(RESET)
    FaultISR                                 0x00000283   Thumb Code     0  startup_rvmdk.o(RESET)
    IntDefaultHandler                        0x00000285   Thumb Code     0  startup_rvmdk.o(RESET)
    !!!main                                  0x00000288   Section        8  __main.o(!!!main)
    !!!scatter                               0x00000290   Section       52  __scatter.o(!!!scatter)
    !!dczerorl                               0x000002c4   Section       58  __dczerorl.o(!!dczerorl)
    !!handler_zi                             0x00000300   Section       28  __scatter_zi.o(!!handler_zi)
    .ARM.Collect$$libinit$$00000000          0x0000031c   Section        2  libinit.o(.ARM.Collect$$libinit$$00000000)
    .ARM.Collect$$libinit$$00000001          0x0000031e   Section        4  libinit2.o(.ARM.Collect$$libinit$$00000001)
    .ARM.Collect$$libinit$$00000008          0x00000322   Section        0  libinit2.o(.ARM.Collect$$libinit$$00000008)
    .ARM.Collect$$libinit$$0000000A          0x00000322   Section        0  libinit2.o(.ARM.Collect$$libinit$$0000000A)
    .ARM.Collect$$libinit$$0000000C          0x00000322   Section        0  libinit2.o(.ARM.Collect$$libinit$$0000000C)
    .ARM.Collect$$libinit$$0000000F          0x00000322   Section        0  libinit2.o(.ARM.Collect$$libinit$$0000000F)
    .ARM.Collect$$libinit$$00000011          0x00000322   Section        0  libinit2.o(.ARM.Collect$$libinit$$00000011)
    .ARM.Collect$$libinit$$00000013          0x00000322   Section        0  libinit2.o(.ARM.Collect$$libinit$$00000013)
    .ARM.Collect$$libinit$$00000015          0x00000322   Section        0  libinit2.o(.ARM.Collect$$libinit$$00000015)
    .ARM.Collect$$libinit$$00000017          0x00000322   Section        0  libinit2.o(.ARM.Collect$$libinit$$00000017)
    .ARM.Collect$$libinit$$00000019          0x00000322   Section        0  libinit2.o(.ARM.Collect$$libinit$$00000019)
    .ARM.Collect$$libinit$$0000001B          0x00000322   Section        0  libinit2.o(.ARM.Collect$$libinit$$0000001B)
    .ARM.Collect$$libinit$$0000001D          0x00000322   Section        0  libinit2.o(.ARM.Collect$$libinit$$0000001D)
    .ARM.Collect$$libinit$$0000001F          0x00000322   Section        0  libinit2.o(.ARM.Collect$$libinit$$0000001F)
    .ARM.Collect$$libinit$$00000021          0x00000322   Section        0  libinit2.o(.ARM.Collect$$libinit$$00000021)
    .ARM.Collect$$libinit$$00000023          0x00000322   Section        0  libinit2.o(.ARM.Collect$$libinit$$00000023)
    .ARM.Collect$$libinit$$0000002A          0x00000322   Section        0  libinit2.o(.ARM.Collect$$libinit$$0000002A)
    .ARM.Collect$$libinit$$0000002C          0x00000322   Section        0  libinit2.o(.ARM.Collect$$libinit$$0000002C)
    .ARM.Collect$$libinit$$0000002E          0x00000322   Section        0  libinit2.o(.ARM.Collect$$libinit$$0000002E)
    .ARM.Collect$$libinit$$00000030          0x00000322   Section        0  libinit2.o(.ARM.Collect$$libinit$$00000030)
    .ARM.Collect$$libinit$$00000031          0x00000322   Section        2  libinit2.o(.ARM.Collect$$libinit$$00000031)
    .ARM.Collect$$libshutdown$$00000000      0x00000324   Section        2  libshutdown.o(.ARM.Collect$$libshutdown$$00000000)
    .ARM.Collect$$libshutdown$$00000003      0x00000326   Section        0  libshutdown2.o(.ARM.Collect$$libshutdown$$00000003)
    .ARM.Collect$$libshutdown$$00000006      0x00000326   Section        0  libshutdown2.o(.ARM.Collect$$libshutdown$$00000006)
    .ARM.Collect$$libshutdown$$00000009      0x00000326   Section        0  libshutdown2.o(.ARM.Collect$$libshutdown$$00000009)
    .ARM.Collect$$libshutdown$$0000000B      0x00000326   Section        0  libshutdown2.o(.ARM.Collect$$libshutdown$$0000000B)
    .ARM.Collect$$libshutdown$$0000000E      0x00000326   Section        0  libshutdown2.o(.ARM.Collect$$libshutdown$$0000000E)
    .ARM.Collect$$libshutdown$$0000000F      0x00000326   Section        2  libshutdown2.o(.ARM.Collect$$libshutdown$$0000000F)
    .ARM.Collect$$rtentry$$00000000          0x00000328   Section        0  rtentry.o(.ARM.Collect$$rtentry$$00000000)
    .ARM.Collect$$rtentry$$00000002          0x00000328   Section        0  rtentry2.o(.ARM.Collect$$rtentry$$00000002)
    .ARM.Collect$$rtentry$$00000004          0x00000328   Section        6  rtentry4.o(.ARM.Collect$$rtentry$$00000004)
    .ARM.Collect$$rtentry$$00000009          0x0000032e   Section        0  rtentry2.o(.ARM.Collect$$rtentry$$00000009)
    .ARM.Collect$$rtentry$$0000000A          0x0000032e   Section        4  rtentry2.o(.ARM.Collect$$rtentry$$0000000A)
    .ARM.Collect$$rtentry$$0000000C          0x00000332   Section        0  rtentry2.o(.ARM.Collect$$rtentry$$0000000C)
    .ARM.Collect$$rtentry$$0000000D          0x00000332   Section        8  rtentry2.o(.ARM.Collect$$rtentry$$0000000D)
    .ARM.Collect$$rtexit$$00000000           0x0000033a   Section        2  rtexit.o(.ARM.Collect$$rtexit$$00000000)
    .ARM.Collect$$rtexit$$00000002           0x0000033c   Section        0  rtexit2.o(.ARM.Collect$$rtexit$$00000002)
    .ARM.Collect$$rtexit$$00000003           0x0000033c   Section        4  rtexit2.o(.ARM.Collect$$rtexit$$00000003)
    .ARM.Collect$$rtexit$$00000004           0x00000340   Section        6  rtexit2.o(.ARM.Collect$$rtexit$$00000004)
    .emb_text                                0x00000348   Section        6  sysctl.o(.emb_text)
    $v0                                      0x00000348   Number         0  sysctl.o(.emb_text)
    .emb_text                                0x00000350   Section       38  cpu.o(.emb_text)
    $v0                                      0x00000350   Number         0  cpu.o(.emb_text)
    .text                                    0x00000378   Section        0  adc.o(.text)
    .text                                    0x0000059c   Section        0  display.o(.text)
    .text                                    0x00000788   Section        0  function.o(.text)
    .text                                    0x00000a04   Section        0  sysclock.o(.text)
    .text                                    0x00000af4   Section        0  uart4.o(.text)
    .text                                    0x00000cb0   Section       24  startup_rvmdk.o(.text)
    $v0                                      0x00000cb0   Number         0  startup_rvmdk.o(.text)
    .text                                    0x00000cc8   Section        0  main.o(.text)
    .text                                    0x00000e2c   Section        0  heapauxi.o(.text)
    .text                                    0x00000e32   Section       74  sys_stackheap_outer.o(.text)
    .text                                    0x00000e7c   Section        0  exit.o(.text)
    .text                                    0x00000e88   Section        8  libspace.o(.text)
    .text                                    0x00000e90   Section        0  sys_exit.o(.text)
    .text                                    0x00000e9c   Section        2  use_no_semi.o(.text)
    .text                                    0x00000e9e   Section        0  indicate_semi.o(.text)
    i.ADCIntClear                            0x00000e9e   Section        0  adc.o(i.ADCIntClear)
    i.ADCIntDisable                          0x00000ea8   Section        0  adc.o(i.ADCIntDisable)
    i.ADCIntEnable                           0x00000eb8   Section        0  adc.o(i.ADCIntEnable)
    i.ADCIntRegister                         0x00000ec8   Section        0  adc.o(i.ADCIntRegister)
    i.ADCIntStatus                           0x00000f30   Section        0  adc.o(i.ADCIntStatus)
    i.ADCProcessorTrigger                    0x00000f64   Section        0  adc.o(i.ADCProcessorTrigger)
    i.ADCReferenceSet                        0x00000f7e   Section        0  adc.o(i.ADCReferenceSet)
    i.ADCSequenceConfigure                   0x00000f8a   Section        0  adc.o(i.ADCSequenceConfigure)
    i.ADCSequenceDataGet                     0x00000fea   Section        0  adc.o(i.ADCSequenceDataGet)
    i.ADCSequenceDisable                     0x0000100e   Section        0  adc.o(i.ADCSequenceDisable)
    i.ADCSequenceEnable                      0x0000101e   Section        0  adc.o(i.ADCSequenceEnable)
    i.ADCSequenceStepConfigure               0x0000102c   Section        0  adc.o(i.ADCSequenceStepConfigure)
    i.GPIODirModeSet                         0x000010c6   Section        0  gpio.o(i.GPIODirModeSet)
    i.GPIOPadConfigSet                       0x000010ee   Section        0  gpio.o(i.GPIOPadConfigSet)
    i.GPIOPinConfigure                       0x00001228   Section        0  gpio.o(i.GPIOPinConfigure)
    i.GPIOPinRead                            0x0000126c   Section        0  gpio.o(i.GPIOPinRead)
    i.GPIOPinTypeADC                         0x00001272   Section        0  gpio.o(i.GPIOPinTypeADC)
    i.GPIOPinTypeGPIOInput                   0x0000128e   Section        0  gpio.o(i.GPIOPinTypeGPIOInput)
    i.GPIOPinTypeGPIOOutput                  0x000012aa   Section        0  gpio.o(i.GPIOPinTypeGPIOOutput)
    i.GPIOPinTypeUART                        0x000012c6   Section        0  gpio.o(i.GPIOPinTypeUART)
    i.GPIOPinWrite                           0x000012e2   Section        0  gpio.o(i.GPIOPinWrite)
    i.IntEnable                              0x000012e8   Section        0  interrupt.o(i.IntEnable)
    i.IntMasterEnable                        0x0000134c   Section        0  interrupt.o(i.IntMasterEnable)
    i.IntRegister                            0x0000135c   Section        0  interrupt.o(i.IntRegister)
    i.SysCtlClockGet                         0x00001390   Section        0  sysctl.o(i.SysCtlClockGet)
    i.SysCtlClockSet                         0x000014e4   Section        0  sysctl.o(i.SysCtlClockSet)
    i.SysCtlPeripheralEnable                 0x00001604   Section        0  sysctl.o(i.SysCtlPeripheralEnable)
    i.SysTickEnable                          0x0000162c   Section        0  systick.o(i.SysTickEnable)
    i.SysTickIntEnable                       0x0000163a   Section        0  systick.o(i.SysTickIntEnable)
    i.SysTickPeriodSet                       0x00001648   Section        0  systick.o(i.SysTickPeriodSet)
    i.UARTCharGet                            0x00001652   Section        0  uart.o(i.UARTCharGet)
    i.UARTCharPut                            0x0000165e   Section        0  uart.o(i.UARTCharPut)
    i.UARTCharPutNonBlocking                 0x0000166a   Section        0  uart.o(i.UARTCharPutNonBlocking)
    i.UARTCharsAvail                         0x0000167a   Section        0  uart.o(i.UARTCharsAvail)
    i.UARTConfigSetExpClk                    0x00001684   Section        0  uart.o(i.UARTConfigSetExpClk)
    i.UARTFIFOLevelSet                       0x000016f2   Section        0  uart.o(i.UARTFIFOLevelSet)
    i.UARTIntClear                           0x000016f8   Section        0  uart.o(i.UARTIntClear)
    i.UARTIntEnable                          0x000016fc   Section        0  uart.o(i.UARTIntEnable)
    i.UARTIntStatus                          0x00001704   Section        0  uart.o(i.UARTIntStatus)
    i.WatchdogEnable                         0x0000170e   Section        0  watchdog.o(i.WatchdogEnable)
    i.WatchdogIntClear                       0x00001718   Section        0  watchdog.o(i.WatchdogIntClear)
    i.WatchdogReloadSet                      0x0000171e   Section        0  watchdog.o(i.WatchdogReloadSet)
    i.WatchdogResetEnable                    0x00001722   Section        0  watchdog.o(i.WatchdogResetEnable)
    x$fpl$dadd                               0x0000172c   Section      336  daddsub_clz.o(x$fpl$dadd)
    $v0                                      0x0000172c   Number         0  daddsub_clz.o(x$fpl$dadd)
    _dadd1                                   0x0000173d   Thumb Code     0  daddsub_clz.o(x$fpl$dadd)
    x$fpl$dcmpinf                            0x0000187c   Section       24  dcmpi.o(x$fpl$dcmpinf)
    $v0                                      0x0000187c   Number         0  dcmpi.o(x$fpl$dcmpinf)
    x$fpl$ddiv                               0x00001894   Section      688  ddiv.o(x$fpl$ddiv)
    $v0                                      0x00001894   Number         0  ddiv.o(x$fpl$ddiv)
    ddiv_entry                               0x0000189b   Thumb Code     0  ddiv.o(x$fpl$ddiv)
    x$fpl$dfixu                              0x00001b44   Section       90  dfixu.o(x$fpl$dfixu)
    $v0                                      0x00001b44   Number         0  dfixu.o(x$fpl$dfixu)
    x$fpl$dfltu                              0x00001b9e   Section       38  dflt_clz.o(x$fpl$dfltu)
    $v0                                      0x00001b9e   Number         0  dflt_clz.o(x$fpl$dfltu)
    x$fpl$dleqf                              0x00001bc4   Section      120  dleqf.o(x$fpl$dleqf)
    $v0                                      0x00001bc4   Number         0  dleqf.o(x$fpl$dleqf)
    x$fpl$dmul                               0x00001c3c   Section      340  dmul.o(x$fpl$dmul)
    $v0                                      0x00001c3c   Number         0  dmul.o(x$fpl$dmul)
    x$fpl$dnaninf                            0x00001d90   Section      156  dnaninf.o(x$fpl$dnaninf)
    $v0                                      0x00001d90   Number         0  dnaninf.o(x$fpl$dnaninf)
    x$fpl$dretinf                            0x00001e2c   Section       12  dretinf.o(x$fpl$dretinf)
    $v0                                      0x00001e2c   Number         0  dretinf.o(x$fpl$dretinf)
    x$fpl$drleqf                             0x00001e38   Section      108  drleqf.o(x$fpl$drleqf)
    $v0                                      0x00001e38   Number         0  drleqf.o(x$fpl$drleqf)
    x$fpl$dsub                               0x00001ea4   Section      468  daddsub_clz.o(x$fpl$dsub)
    $v0                                      0x00001ea4   Number         0  daddsub_clz.o(x$fpl$dsub)
    _dsub1                                   0x00001eb5   Thumb Code     0  daddsub_clz.o(x$fpl$dsub)
    x$fpl$fpinit                             0x00002078   Section       10  fpinit.o(x$fpl$fpinit)
    $v0                                      0x00002078   Number         0  fpinit.o(x$fpl$fpinit)
    x$fpl$usenofp                            0x00002082   Section        0  usenofp.o(x$fpl$usenofp)
    .constdata                               0x00002084   Section      552  gpio.o(.constdata)
    g_ppui32GPIOIntMapBlizzard               0x00002084   Data         192  gpio.o(.constdata)
    g_ppui32GPIOIntMapSnowflake              0x00002144   Data         216  gpio.o(.constdata)
    g_pui32GPIOBaseAddrs                     0x0000221c   Data         144  gpio.o(.constdata)
    .constdata                               0x000022ac   Section      268  interrupt.o(.constdata)
    g_pui32Priority                          0x000022ac   Data          32  interrupt.o(.constdata)
    g_pui32Regs                              0x000022cc   Data         156  interrupt.o(.constdata)
    g_pui32EnRegs                            0x00002368   Data          20  interrupt.o(.constdata)
    g_pui32Dii16Regs                         0x0000237c   Data          20  interrupt.o(.constdata)
    g_pui32PendRegs                          0x00002390   Data          20  interrupt.o(.constdata)
    g_pui32UnpendRegs                        0x000023a4   Data          20  interrupt.o(.constdata)
    .constdata                               0x000023b8   Section      596  sysctl.o(.constdata)
    g_pui32VCOFrequencies                    0x000023b8   Data           8  sysctl.o(.constdata)
    g_pui32Xtals                             0x000023c0   Data         108  sysctl.o(.constdata)
    g_pppui32XTALtoVCO                       0x0000242c   Data         432  sysctl.o(.constdata)
    g_sXTALtoMEMTIM                          0x000025dc   Data          48  sysctl.o(.constdata)
    .data                                    0x20000000   Section       24  adc.o(.data)
    .data                                    0x20000018   Section       17  display.o(.data)
    .data                                    0x2000002c   Section       32  function.o(.data)
    .data                                    0x2000004c   Section        4  function.o(.data)
    .data                                    0x20000050   Section        4  sysclock.o(.data)
    .data                                    0x20000054   Section       23  uart4.o(.data)
    ucUART4CounterTx                         0x20000059   Data           1  uart4.o(.data)
    ucUART4RdIndexTx                         0x2000005a   Data           1  uart4.o(.data)
    .data                                    0x2000006b   Section        1  main.o(.data)
    vtable                                   0x20000400   Section      620  interrupt.o(vtable)
    g_pfnRAMVectors                          0x20000400   Data         620  interrupt.o(vtable)
    .bss                                     0x20000670   Section      840  adc.o(.bss)
    .bss                                     0x200009b8   Section       16  function.o(.bss)
    .bss                                     0x200009c8   Section       96  libspace.o(.bss)
    HEAP                                     0x20000a28   Section        0  startup_rvmdk.o(HEAP)
    STACK                                    0x20000a28   Section     1024  startup_rvmdk.o(STACK)
    HeapMem                                  0x20000a28   Data           0  startup_rvmdk.o(HEAP)
    StackMem                                 0x20000a28   Data           0  startup_rvmdk.o(STACK)

    Global Symbols

    Symbol Name                              Value     Ov Type        Size  Object(Section)

    BuildAttributes$$THM_ISAv4$E$P$D$K$B$S$7EM$VFPi3$EXTD16$VFPS$VFMA$PE$A:L22UL41UL21$X:L11$S22US41US21$IEEE1$IW$USESV6$~STKCKD$USESV7$~SHL$OTIME$ROPI$EBA8$UX$STANDARDLIB$REQ8$PRES8$EABIv2 0x00000000   Number         0  anon$$obj.o ABSOLUTE
    __ARM_use_no_argv                        0x00000000   Number         0  main.o ABSOLUTE
    __Vectors                                0x00000000   Data           0  startup_rvmdk.o(RESET)
    __ARM_exceptions_init                     - Undefined Weak Reference
    __alloca_initialize                       - Undefined Weak Reference
    __cpp_initialize__aeabi_                  - Undefined Weak Reference
    __cxa_finalize                            - Undefined Weak Reference
    __rt_locale                               - Undefined Weak Reference
    __sigvec_lookup                           - Undefined Weak Reference
    _atexit_init                              - Undefined Weak Reference
    _call_atexit_fns                          - Undefined Weak Reference
    _clock_init                               - Undefined Weak Reference
    _fp_trap_init                             - Undefined Weak Reference
    _fp_trap_shutdown                         - Undefined Weak Reference
    _get_lc_collate                           - Undefined Weak Reference
    _get_lc_ctype                             - Undefined Weak Reference
    _get_lc_monetary                          - Undefined Weak Reference
    _get_lc_numeric                           - Undefined Weak Reference
    _get_lc_time                              - Undefined Weak Reference
    _getenv_init                              - Undefined Weak Reference
    _handle_redirection                       - Undefined Weak Reference
    _init_alloc                               - Undefined Weak Reference
    _init_user_alloc                          - Undefined Weak Reference
    _initio                                   - Undefined Weak Reference
    _rand_init                                - Undefined Weak Reference
    _signal_finish                            - Undefined Weak Reference
    _signal_init                              - Undefined Weak Reference
    _terminate_alloc                          - Undefined Weak Reference
    _terminate_user_alloc                     - Undefined Weak Reference
    _terminateio                              - Undefined Weak Reference
    Reset_Handler                            0x0000026d   Thumb Code     0  startup_rvmdk.o(RESET)
    __main                                   0x00000289   Thumb Code     8  __main.o(!!!main)
    __scatterload                            0x00000291   Thumb Code     0  __scatter.o(!!!scatter)
    __scatterload_rt2                        0x00000291   Thumb Code    44  __scatter.o(!!!scatter)
    __scatterload_rt2_thumb_only             0x00000291   Thumb Code     0  __scatter.o(!!!scatter)
    __scatterload_null                       0x0000029f   Thumb Code     0  __scatter.o(!!!scatter)
    __decompress                             0x000002c5   Thumb Code    58  __dczerorl.o(!!dczerorl)
    __decompress0                            0x000002c5   Thumb Code     0  __dczerorl.o(!!dczerorl)
    __scatterload_zeroinit                   0x00000301   Thumb Code    28  __scatter_zi.o(!!handler_zi)
    __rt_lib_init                            0x0000031d   Thumb Code     0  libinit.o(.ARM.Collect$$libinit$$00000000)
    __rt_lib_init_fp_1                       0x0000031f   Thumb Code     0  libinit2.o(.ARM.Collect$$libinit$$00000001)
    __rt_lib_init_alloca_1                   0x00000323   Thumb Code     0  libinit2.o(.ARM.Collect$$libinit$$0000002C)
    __rt_lib_init_argv_1                     0x00000323   Thumb Code     0  libinit2.o(.ARM.Collect$$libinit$$0000002A)
    __rt_lib_init_atexit_1                   0x00000323   Thumb Code     0  libinit2.o(.ARM.Collect$$libinit$$00000019)
    __rt_lib_init_clock_1                    0x00000323   Thumb Code     0  libinit2.o(.ARM.Collect$$libinit$$0000001F)
    __rt_lib_init_cpp_1                      0x00000323   Thumb Code     0  libinit2.o(.ARM.Collect$$libinit$$00000030)
    __rt_lib_init_exceptions_1               0x00000323   Thumb Code     0  libinit2.o(.ARM.Collect$$libinit$$0000002E)
    __rt_lib_init_fp_trap_1                  0x00000323   Thumb Code     0  libinit2.o(.ARM.Collect$$libinit$$0000001D)
    __rt_lib_init_getenv_1                   0x00000323   Thumb Code     0  libinit2.o(.ARM.Collect$$libinit$$00000021)
    __rt_lib_init_heap_1                     0x00000323   Thumb Code     0  libinit2.o(.ARM.Collect$$libinit$$00000008)
    __rt_lib_init_lc_collate_1               0x00000323   Thumb Code     0  libinit2.o(.ARM.Collect$$libinit$$0000000F)
    __rt_lib_init_lc_ctype_1                 0x00000323   Thumb Code     0  libinit2.o(.ARM.Collect$$libinit$$00000011)
    __rt_lib_init_lc_monetary_1              0x00000323   Thumb Code     0  libinit2.o(.ARM.Collect$$libinit$$00000013)
    __rt_lib_init_lc_numeric_1               0x00000323   Thumb Code     0  libinit2.o(.ARM.Collect$$libinit$$00000015)
    __rt_lib_init_lc_time_1                  0x00000323   Thumb Code     0  libinit2.o(.ARM.Collect$$libinit$$00000017)
    __rt_lib_init_rand_1                     0x00000323   Thumb Code     0  libinit2.o(.ARM.Collect$$libinit$$0000000C)
    __rt_lib_init_return                     0x00000323   Thumb Code     0  libinit2.o(.ARM.Collect$$libinit$$00000031)
    __rt_lib_init_signal_1                   0x00000323   Thumb Code     0  libinit2.o(.ARM.Collect$$libinit$$0000001B)
    __rt_lib_init_stdio_1                    0x00000323   Thumb Code     0  libinit2.o(.ARM.Collect$$libinit$$00000023)
    __rt_lib_init_user_alloc_1               0x00000323   Thumb Code     0  libinit2.o(.ARM.Collect$$libinit$$0000000A)
    __rt_lib_shutdown                        0x00000325   Thumb Code     0  libshutdown.o(.ARM.Collect$$libshutdown$$00000000)
    __rt_lib_shutdown_fp_trap_1              0x00000327   Thumb Code     0  libshutdown2.o(.ARM.Collect$$libshutdown$$00000006)
    __rt_lib_shutdown_heap_1                 0x00000327   Thumb Code     0  libshutdown2.o(.ARM.Collect$$libshutdown$$0000000E)
    __rt_lib_shutdown_return                 0x00000327   Thumb Code     0  libshutdown2.o(.ARM.Collect$$libshutdown$$0000000F)
    __rt_lib_shutdown_signal_1               0x00000327   Thumb Code     0  libshutdown2.o(.ARM.Collect$$libshutdown$$00000009)
    __rt_lib_shutdown_stdio_1                0x00000327   Thumb Code     0  libshutdown2.o(.ARM.Collect$$libshutdown$$00000003)
    __rt_lib_shutdown_user_alloc_1           0x00000327   Thumb Code     0  libshutdown2.o(.ARM.Collect$$libshutdown$$0000000B)
    __rt_entry                               0x00000329   Thumb Code     0  rtentry.o(.ARM.Collect$$rtentry$$00000000)
    __rt_entry_presh_1                       0x00000329   Thumb Code     0  rtentry2.o(.ARM.Collect$$rtentry$$00000002)
    __rt_entry_sh                            0x00000329   Thumb Code     0  rtentry4.o(.ARM.Collect$$rtentry$$00000004)
    __rt_entry_li                            0x0000032f   Thumb Code     0  rtentry2.o(.ARM.Collect$$rtentry$$0000000A)
    __rt_entry_postsh_1                      0x0000032f   Thumb Code     0  rtentry2.o(.ARM.Collect$$rtentry$$00000009)
    __rt_entry_main                          0x00000333   Thumb Code     0  rtentry2.o(.ARM.Collect$$rtentry$$0000000D)
    __rt_entry_postli_1                      0x00000333   Thumb Code     0  rtentry2.o(.ARM.Collect$$rtentry$$0000000C)
    __rt_exit                                0x0000033b   Thumb Code     0  rtexit.o(.ARM.Collect$$rtexit$$00000000)
    __rt_exit_ls                             0x0000033d   Thumb Code     0  rtexit2.o(.ARM.Collect$$rtexit$$00000003)
    __rt_exit_prels_1                        0x0000033d   Thumb Code     0  rtexit2.o(.ARM.Collect$$rtexit$$00000002)
    __rt_exit_exit                           0x00000341   Thumb Code     0  rtexit2.o(.ARM.Collect$$rtexit$$00000004)
    SysCtlDelay                              0x00000349   Thumb Code     6  sysctl.o(.emb_text)
    CPUcpsid                                 0x00000351   Thumb Code     8  cpu.o(.emb_text)
    CPUprimask                               0x00000359   Thumb Code     6  cpu.o(.emb_text)
    CPUcpsie                                 0x0000035f   Thumb Code     8  cpu.o(.emb_text)
    CPUwfi                                   0x00000367   Thumb Code     4  cpu.o(.emb_text)
    CPUbasepriSet                            0x0000036b   Thumb Code     6  cpu.o(.emb_text)
    CPUbasepriGet                            0x00000371   Thumb Code     6  cpu.o(.emb_text)
    vADC0Handler                             0x00000379   Thumb Code   328  adc.o(.text)
    vADCConfig                               0x000004c1   Thumb Code   108  adc.o(.text)
    vReadADC                                 0x0000052d   Thumb Code    30  adc.o(.text)
    delay_us                                 0x0000059d   Thumb Code    12  display.o(.text)
    write_led                                0x000005a9   Thumb Code    78  display.o(.text)
    decode_gVoltageCheckAQ                   0x000005f7   Thumb Code   200  display.o(.text)
    display                                  0x000006bf   Thumb Code   150  display.o(.text)
    delay_ms                                 0x00000755   Thumb Code    24  display.o(.text)
    vInput                                   0x00000789   Thumb Code    84  function.o(.text)
    vOutput                                  0x000007dd   Thumb Code   270  function.o(.text)
    vPoll                                    0x000008eb   Thumb Code   226  function.o(.text)
    vSysTickHandler                          0x00000a05   Thumb Code   174  sysclock.o(.text)
    vSysTickConfig                           0x00000ab3   Thumb Code    22  sysclock.o(.text)
    vUART4Config                             0x00000af5   Thumb Code   112  uart4.o(.text)
    vUART4Handler                            0x00000b65   Thumb Code   204  uart4.o(.text)
    vUART4PutString                          0x00000c31   Thumb Code    24  uart4.o(.text)
    vUART4Send                               0x00000c49   Thumb Code    76  uart4.o(.text)
    __user_initial_stackheap                 0x00000cb1   Thumb Code     0  startup_rvmdk.o(.text)
    vWDTHandler                              0x00000cc9   Thumb Code    22  main.o(.text)
    vWDTConfig                               0x00000cdf   Thumb Code    48  main.o(.text)
    vHardwareConfig                          0x00000d0f   Thumb Code   224  main.o(.text)
    main                                     0x00000def   Thumb Code    16  main.o(.text)
    __use_two_region_memory                  0x00000e2d   Thumb Code     2  heapauxi.o(.text)
    __rt_heap_escrow$2region                 0x00000e2f   Thumb Code     2  heapauxi.o(.text)
    __rt_heap_expand$2region                 0x00000e31   Thumb Code     2  heapauxi.o(.text)
    __user_setup_stackheap                   0x00000e33   Thumb Code    74  sys_stackheap_outer.o(.text)
    exit                                     0x00000e7d   Thumb Code    12  exit.o(.text)
    __user_libspace                          0x00000e89   Thumb Code     8  libspace.o(.text)
    __user_perproc_libspace                  0x00000e89   Thumb Code     0  libspace.o(.text)
    __user_perthread_libspace                0x00000e89   Thumb Code     0  libspace.o(.text)
    _sys_exit                                0x00000e91   Thumb Code     8  sys_exit.o(.text)
    __I$use$semihosting                      0x00000e9d   Thumb Code     0  use_no_semi.o(.text)
    __use_no_semihosting_swi                 0x00000e9d   Thumb Code     2  use_no_semi.o(.text)
    ADCIntClear                              0x00000e9f   Thumb Code    10  adc.o(i.ADCIntClear)
    __semihosting_library_function           0x00000e9f   Thumb Code     0  indicate_semi.o(.text)
    ADCIntDisable                            0x00000ea9   Thumb Code    16  adc.o(i.ADCIntDisable)
    ADCIntEnable                             0x00000eb9   Thumb Code    16  adc.o(i.ADCIntEnable)
    ADCIntRegister                           0x00000ec9   Thumb Code    92  adc.o(i.ADCIntRegister)
    ADCIntStatus                             0x00000f31   Thumb Code    52  adc.o(i.ADCIntStatus)
    ADCProcessorTrigger                      0x00000f65   Thumb Code    26  adc.o(i.ADCProcessorTrigger)
    ADCReferenceSet                          0x00000f7f   Thumb Code    12  adc.o(i.ADCReferenceSet)
    ADCSequenceConfigure                     0x00000f8b   Thumb Code    96  adc.o(i.ADCSequenceConfigure)
    ADCSequenceDataGet                       0x00000feb   Thumb Code    36  adc.o(i.ADCSequenceDataGet)
    ADCSequenceDisable                       0x0000100f   Thumb Code    16  adc.o(i.ADCSequenceDisable)
    ADCSequenceEnable                        0x0000101f   Thumb Code    14  adc.o(i.ADCSequenceEnable)
    ADCSequenceStepConfigure                 0x0000102d   Thumb Code   154  adc.o(i.ADCSequenceStepConfigure)
    GPIODirModeSet                           0x000010c7   Thumb Code    40  gpio.o(i.GPIODirModeSet)
    GPIOPadConfigSet                         0x000010ef   Thumb Code   312  gpio.o(i.GPIOPadConfigSet)
    GPIOPinConfigure                         0x00001229   Thumb Code    60  gpio.o(i.GPIOPinConfigure)
    GPIOPinRead                              0x0000126d   Thumb Code     6  gpio.o(i.GPIOPinRead)
    GPIOPinTypeADC                           0x00001273   Thumb Code    28  gpio.o(i.GPIOPinTypeADC)
    GPIOPinTypeGPIOInput                     0x0000128f   Thumb Code    28  gpio.o(i.GPIOPinTypeGPIOInput)
    GPIOPinTypeGPIOOutput                    0x000012ab   Thumb Code    28  gpio.o(i.GPIOPinTypeGPIOOutput)
    GPIOPinTypeUART                          0x000012c7   Thumb Code    28  gpio.o(i.GPIOPinTypeUART)
    GPIOPinWrite                             0x000012e3   Thumb Code     6  gpio.o(i.GPIOPinWrite)
    IntEnable                                0x000012e9   Thumb Code    92  interrupt.o(i.IntEnable)
    IntMasterEnable                          0x0000134d   Thumb Code    14  interrupt.o(i.IntMasterEnable)
    IntRegister                              0x0000135d   Thumb Code    44  interrupt.o(i.IntRegister)
    SysCtlClockGet                           0x00001391   Thumb Code   304  sysctl.o(i.SysCtlClockGet)
    SysCtlClockSet                           0x000014e5   Thumb Code   270  sysctl.o(i.SysCtlClockSet)
    SysCtlPeripheralEnable                   0x00001605   Thumb Code    36  sysctl.o(i.SysCtlPeripheralEnable)
    SysTickEnable                            0x0000162d   Thumb Code    14  systick.o(i.SysTickEnable)
    SysTickIntEnable                         0x0000163b   Thumb Code    14  systick.o(i.SysTickIntEnable)
    SysTickPeriodSet                         0x00001649   Thumb Code    10  systick.o(i.SysTickPeriodSet)
    UARTCharGet                              0x00001653   Thumb Code    12  uart.o(i.UARTCharGet)
    UARTCharPut                              0x0000165f   Thumb Code    12  uart.o(i.UARTCharPut)
    UARTCharPutNonBlocking                   0x0000166b   Thumb Code    16  uart.o(i.UARTCharPutNonBlocking)
    UARTCharsAvail                           0x0000167b   Thumb Code    10  uart.o(i.UARTCharsAvail)
    UARTConfigSetExpClk                      0x00001685   Thumb Code   110  uart.o(i.UARTConfigSetExpClk)
    UARTFIFOLevelSet                         0x000016f3   Thumb Code     6  uart.o(i.UARTFIFOLevelSet)
    UARTIntClear                             0x000016f9   Thumb Code     4  uart.o(i.UARTIntClear)
    UARTIntEnable                            0x000016fd   Thumb Code     8  uart.o(i.UARTIntEnable)
    UARTIntStatus                            0x00001705   Thumb Code    10  uart.o(i.UARTIntStatus)
    WatchdogEnable                           0x0000170f   Thumb Code    10  watchdog.o(i.WatchdogEnable)
    WatchdogIntClear                         0x00001719   Thumb Code     6  watchdog.o(i.WatchdogIntClear)
    WatchdogReloadSet                        0x0000171f   Thumb Code     4  watchdog.o(i.WatchdogReloadSet)
    WatchdogResetEnable                      0x00001723   Thumb Code    10  watchdog.o(i.WatchdogResetEnable)
    __aeabi_dadd                             0x0000172d   Thumb Code     0  daddsub_clz.o(x$fpl$dadd)
    _dadd                                    0x0000172d   Thumb Code   332  daddsub_clz.o(x$fpl$dadd)
    __fpl_dcmp_Inf                           0x0000187d   Thumb Code    24  dcmpi.o(x$fpl$dcmpinf)
    __aeabi_ddiv                             0x00001895   Thumb Code     0  ddiv.o(x$fpl$ddiv)
    _ddiv                                    0x00001895   Thumb Code   552  ddiv.o(x$fpl$ddiv)
    __aeabi_d2uiz                            0x00001b45   Thumb Code     0  dfixu.o(x$fpl$dfixu)
    _dfixu                                   0x00001b45   Thumb Code    90  dfixu.o(x$fpl$dfixu)
    __aeabi_ui2d                             0x00001b9f   Thumb Code     0  dflt_clz.o(x$fpl$dfltu)
    _dfltu                                   0x00001b9f   Thumb Code    38  dflt_clz.o(x$fpl$dfltu)
    __aeabi_cdcmple                          0x00001bc5   Thumb Code     0  dleqf.o(x$fpl$dleqf)
    _dcmple                                  0x00001bc5   Thumb Code   120  dleqf.o(x$fpl$dleqf)
    __fpl_dcmple_InfNaN                      0x00001c27   Thumb Code     0  dleqf.o(x$fpl$dleqf)
    __aeabi_dmul                             0x00001c3d   Thumb Code     0  dmul.o(x$fpl$dmul)
    _dmul                                    0x00001c3d   Thumb Code   332  dmul.o(x$fpl$dmul)
    __fpl_dnaninf                            0x00001d91   Thumb Code   156  dnaninf.o(x$fpl$dnaninf)
    __fpl_dretinf                            0x00001e2d   Thumb Code    12  dretinf.o(x$fpl$dretinf)
    __aeabi_cdrcmple                         0x00001e39   Thumb Code     0  drleqf.o(x$fpl$drleqf)
    _drcmple                                 0x00001e39   Thumb Code   108  drleqf.o(x$fpl$drleqf)
    __aeabi_dsub                             0x00001ea5   Thumb Code     0  daddsub_clz.o(x$fpl$dsub)
    _dsub                                    0x00001ea5   Thumb Code   464  daddsub_clz.o(x$fpl$dsub)
    _fp_init                                 0x00002079   Thumb Code    10  fpinit.o(x$fpl$fpinit)
    __fplib_config_fpu_vfp                   0x00002081   Thumb Code     0  fpinit.o(x$fpl$fpinit)
    __fplib_config_pureend_doubles           0x00002081   Thumb Code     0  fpinit.o(x$fpl$fpinit)
    __I$use$fp                               0x00002082   Number         0  usenofp.o(x$fpl$usenofp)
    Region$$Table$$Base                      0x0000260c   Number         0  anon$$obj.o(Region$$Table)
    Region$$Table$$Limit                     0x0000262c   Number         0  anon$$obj.o(Region$$Table)
    cout1                                    0x20000000   Data           1  adc.o(.data)
    cout2                                    0x20000001   Data           1  adc.o(.data)
    _gVoltageAQ                              0x20000008   Data           8  adc.o(.data)
    _gVoltageCheckAQ                         0x20000010   Data           8  adc.o(.data)
    colx                                     0x20000018   Data           1  display.o(.data)
    led_gVoltageCheckAQ                      0x20000019   Data           4  display.o(.data)
    Code7Seg                                 0x2000001d   Data          12  display.o(.data)
    ucSampleIndex                            0x2000002c   Data           1  function.o(.data)
    count                                    0x2000002d   Data           1  function.o(.data)
    bCheckQuality                            0x2000002e   Data           1  function.o(.data)
    bsend                                    0x2000002f   Data           1  function.o(.data)
    _gReadADC                                0x20000030   Data           1  function.o(.data)
    _gReportStatusAQ                         0x20000031   Data           1  function.o(.data)
    ulTimerInport                            0x20000034   Data           4  function.o(.data)
    timercheckAQ                             0x20000038   Data           4  function.o(.data)
    timersend                                0x2000003c   Data           4  function.o(.data)
    ulInport                                 0x20000040   Data           4  function.o(.data)
    ulPreInp                                 0x20000044   Data           4  function.o(.data)
    ulTimerAdc                               0x20000048   Data           4  function.o(.data)
    timer_1s                                 0x2000004c   Data           4  function.o(.data)
    toggle                                   0x20000050   Data           1  sysclock.o(.data)
    count_1s                                 0x20000052   Data           2  sysclock.o(.data)
    ucUART4DelayTx                           0x20000054   Data           1  uart4.o(.data)
    ucUART4DelayRx                           0x20000055   Data           1  uart4.o(.data)
    ucUART4DelaySendRequest                  0x20000056   Data           1  uart4.o(.data)
    ucUART4CounterRx                         0x20000057   Data           1  uart4.o(.data)
    eUART4StateRx                            0x20000058   Data           1  uart4.o(.data)
    ucUART4FrameTx                           0x2000005b   Data           8  uart4.o(.data)
    ucUART4BufferRx                          0x20000063   Data           8  uart4.o(.data)
    ucWDT                                    0x2000006b   Data           1  main.o(.data)
    _gVoltageADC                             0x20000670   Data         800  adc.o(.bss)
    _gVoltageAverageAQ                       0x20000990   Data          40  adc.o(.bss)
    ulSample                                 0x200009b8   Data          16  function.o(.bss)
    __libspace_start                         0x200009c8   Data          96  libspace.o(.bss)
    __temporary_stack_top$libspace           0x20000a28   Data           0  libspace.o(.bss)



==============================================================================

Memory Map of the image

  Image Entry point : 0x00000289

  Load Region LR_IROM1 (Base: 0x00000000, Size: 0x00002c98, Max: 0x00020000, ABSOLUTE, COMPRESSED[0x00002648])

    Execution Region ER_IROM1 (Base: 0x00000000, Size: 0x0000262c, Max: 0x00020000, ABSOLUTE)

    Base Addr    Size         Type   Attr      Idx    E Section Name        Object

    0x00000000   0x00000288   Code   RO          176    RESET               startup_rvmdk.o
    0x00000288   0x00000008   Code   RO         1749  * !!!main             c_w.l(__main.o)
    0x00000290   0x00000034   Code   RO         1938    !!!scatter          c_w.l(__scatter.o)
    0x000002c4   0x0000003a   Code   RO         1936    !!dczerorl          c_w.l(__dczerorl.o)
    0x000002fe   0x00000002   PAD
    0x00000300   0x0000001c   Code   RO         1940    !!handler_zi        c_w.l(__scatter_zi.o)
    0x0000031c   0x00000002   Code   RO         1809    .ARM.Collect$$libinit$$00000000  c_w.l(libinit.o)
    0x0000031e   0x00000004   Code   RO         1815    .ARM.Collect$$libinit$$00000001  c_w.l(libinit2.o)
    0x00000322   0x00000000   Code   RO         1819    .ARM.Collect$$libinit$$00000008  c_w.l(libinit2.o)
    0x00000322   0x00000000   Code   RO         1821    .ARM.Collect$$libinit$$0000000A  c_w.l(libinit2.o)
    0x00000322   0x00000000   Code   RO         1823    .ARM.Collect$$libinit$$0000000C  c_w.l(libinit2.o)
    0x00000322   0x00000000   Code   RO         1826    .ARM.Collect$$libinit$$0000000F  c_w.l(libinit2.o)
    0x00000322   0x00000000   Code   RO         1828    .ARM.Collect$$libinit$$00000011  c_w.l(libinit2.o)
    0x00000322   0x00000000   Code   RO         1830    .ARM.Collect$$libinit$$00000013  c_w.l(libinit2.o)
    0x00000322   0x00000000   Code   RO         1832    .ARM.Collect$$libinit$$00000015  c_w.l(libinit2.o)
    0x00000322   0x00000000   Code   RO         1834    .ARM.Collect$$libinit$$00000017  c_w.l(libinit2.o)
    0x00000322   0x00000000   Code   RO         1836    .ARM.Collect$$libinit$$00000019  c_w.l(libinit2.o)
    0x00000322   0x00000000   Code   RO         1838    .ARM.Collect$$libinit$$0000001B  c_w.l(libinit2.o)
    0x00000322   0x00000000   Code   RO         1840    .ARM.Collect$$libinit$$0000001D  c_w.l(libinit2.o)
    0x00000322   0x00000000   Code   RO         1842    .ARM.Collect$$libinit$$0000001F  c_w.l(libinit2.o)
    0x00000322   0x00000000   Code   RO         1844    .ARM.Collect$$libinit$$00000021  c_w.l(libinit2.o)
    0x00000322   0x00000000   Code   RO         1846    .ARM.Collect$$libinit$$00000023  c_w.l(libinit2.o)
    0x00000322   0x00000000   Code   RO         1850    .ARM.Collect$$libinit$$0000002A  c_w.l(libinit2.o)
    0x00000322   0x00000000   Code   RO         1852    .ARM.Collect$$libinit$$0000002C  c_w.l(libinit2.o)
    0x00000322   0x00000000   Code   RO         1854    .ARM.Collect$$libinit$$0000002E  c_w.l(libinit2.o)
    0x00000322   0x00000000   Code   RO         1856    .ARM.Collect$$libinit$$00000030  c_w.l(libinit2.o)
    0x00000322   0x00000002   Code   RO         1857    .ARM.Collect$$libinit$$00000031  c_w.l(libinit2.o)
    0x00000324   0x00000002   Code   RO         1877    .ARM.Collect$$libshutdown$$00000000  c_w.l(libshutdown.o)
    0x00000326   0x00000000   Code   RO         1891    .ARM.Collect$$libshutdown$$00000003  c_w.l(libshutdown2.o)
    0x00000326   0x00000000   Code   RO         1894    .ARM.Collect$$libshutdown$$00000006  c_w.l(libshutdown2.o)
    0x00000326   0x00000000   Code   RO         1897    .ARM.Collect$$libshutdown$$00000009  c_w.l(libshutdown2.o)
    0x00000326   0x00000000   Code   RO         1899    .ARM.Collect$$libshutdown$$0000000B  c_w.l(libshutdown2.o)
    0x00000326   0x00000000   Code   RO         1902    .ARM.Collect$$libshutdown$$0000000E  c_w.l(libshutdown2.o)
    0x00000326   0x00000002   Code   RO         1903    .ARM.Collect$$libshutdown$$0000000F  c_w.l(libshutdown2.o)
    0x00000328   0x00000000   Code   RO         1777    .ARM.Collect$$rtentry$$00000000  c_w.l(rtentry.o)
    0x00000328   0x00000000   Code   RO         1786    .ARM.Collect$$rtentry$$00000002  c_w.l(rtentry2.o)
    0x00000328   0x00000006   Code   RO         1798    .ARM.Collect$$rtentry$$00000004  c_w.l(rtentry4.o)
    0x0000032e   0x00000000   Code   RO         1788    .ARM.Collect$$rtentry$$00000009  c_w.l(rtentry2.o)
    0x0000032e   0x00000004   Code   RO         1789    .ARM.Collect$$rtentry$$0000000A  c_w.l(rtentry2.o)
    0x00000332   0x00000000   Code   RO         1791    .ARM.Collect$$rtentry$$0000000C  c_w.l(rtentry2.o)
    0x00000332   0x00000008   Code   RO         1792    .ARM.Collect$$rtentry$$0000000D  c_w.l(rtentry2.o)
    0x0000033a   0x00000002   Code   RO         1813    .ARM.Collect$$rtexit$$00000000  c_w.l(rtexit.o)
    0x0000033c   0x00000000   Code   RO         1859    .ARM.Collect$$rtexit$$00000002  c_w.l(rtexit2.o)
    0x0000033c   0x00000004   Code   RO         1860    .ARM.Collect$$rtexit$$00000003  c_w.l(rtexit2.o)
    0x00000340   0x00000006   Code   RO         1861    .ARM.Collect$$rtexit$$00000004  c_w.l(rtexit2.o)
    0x00000346   0x00000002   PAD
    0x00000348   0x00000006   Code   RO          909    .emb_text           driverlib.lib(sysctl.o)
    0x0000034e   0x00000002   PAD
    0x00000350   0x00000026   Code   RO         1735    .emb_text           driverlib.lib(cpu.o)
    0x00000376   0x00000002   PAD
    0x00000378   0x00000224   Code   RO            1    .text               adc.o
    0x0000059c   0x000001ec   Code   RO           63    .text               display.o
    0x00000788   0x0000027c   Code   RO           85    .text               function.o
    0x00000a04   0x000000f0   Code   RO          127    .text               sysclock.o
    0x00000af4   0x000001bc   Code   RO          146    .text               uart4.o
    0x00000cb0   0x00000018   Code   RO          177    .text               startup_rvmdk.o
    0x00000cc8   0x00000164   Code   RO          183    .text               main.o
    0x00000e2c   0x00000006   Code   RO         1747    .text               c_w.l(heapauxi.o)
    0x00000e32   0x0000004a   Code   RO         1800    .text               c_w.l(sys_stackheap_outer.o)
    0x00000e7c   0x0000000c   Code   RO         1802    .text               c_w.l(exit.o)
    0x00000e88   0x00000008   Code   RO         1810    .text               c_w.l(libspace.o)
    0x00000e90   0x0000000c   Code   RO         1869    .text               c_w.l(sys_exit.o)
    0x00000e9c   0x00000002   Code   RO         1880    .text               c_w.l(use_no_semi.o)
    0x00000e9e   0x00000000   Code   RO         1882    .text               c_w.l(indicate_semi.o)
    0x00000e9e   0x0000000a   Code   RO          219    i.ADCIntClear       driverlib.lib(adc.o)
    0x00000ea8   0x00000010   Code   RO          221    i.ADCIntDisable     driverlib.lib(adc.o)
    0x00000eb8   0x00000010   Code   RO          223    i.ADCIntEnable      driverlib.lib(adc.o)
    0x00000ec8   0x00000068   Code   RO          225    i.ADCIntRegister    driverlib.lib(adc.o)
    0x00000f30   0x00000034   Code   RO          226    i.ADCIntStatus      driverlib.lib(adc.o)
    0x00000f64   0x0000001a   Code   RO          231    i.ADCProcessorTrigger  driverlib.lib(adc.o)
    0x00000f7e   0x0000000c   Code   RO          233    i.ADCReferenceSet   driverlib.lib(adc.o)
    0x00000f8a   0x00000060   Code   RO          234    i.ADCSequenceConfigure  driverlib.lib(adc.o)
    0x00000fea   0x00000024   Code   RO          237    i.ADCSequenceDataGet  driverlib.lib(adc.o)
    0x0000100e   0x00000010   Code   RO          238    i.ADCSequenceDisable  driverlib.lib(adc.o)
    0x0000101e   0x0000000e   Code   RO          239    i.ADCSequenceEnable  driverlib.lib(adc.o)
    0x0000102c   0x0000009a   Code   RO          242    i.ADCSequenceStepConfigure  driverlib.lib(adc.o)
    0x000010c6   0x00000028   Code   RO          491    i.GPIODirModeSet    driverlib.lib(gpio.o)
    0x000010ee   0x00000138   Code   RO          503    i.GPIOPadConfigSet  driverlib.lib(gpio.o)
    0x00001226   0x00000002   PAD
    0x00001228   0x00000044   Code   RO          504    i.GPIOPinConfigure  driverlib.lib(gpio.o)
    0x0000126c   0x00000006   Code   RO          505    i.GPIOPinRead       driverlib.lib(gpio.o)
    0x00001272   0x0000001c   Code   RO          506    i.GPIOPinTypeADC    driverlib.lib(gpio.o)
    0x0000128e   0x0000001c   Code   RO          514    i.GPIOPinTypeGPIOInput  driverlib.lib(gpio.o)
    0x000012aa   0x0000001c   Code   RO          515    i.GPIOPinTypeGPIOOutput  driverlib.lib(gpio.o)
    0x000012c6   0x0000001c   Code   RO          527    i.GPIOPinTypeUART   driverlib.lib(gpio.o)
    0x000012e2   0x00000006   Code   RO          533    i.GPIOPinWrite      driverlib.lib(gpio.o)
    0x000012e8   0x00000064   Code   RO          794    i.IntEnable         driverlib.lib(interrupt.o)
    0x0000134c   0x0000000e   Code   RO          797    i.IntMasterEnable   driverlib.lib(interrupt.o)
    0x0000135a   0x00000002   PAD
    0x0000135c   0x00000034   Code   RO          806    i.IntRegister       driverlib.lib(interrupt.o)
    0x00001390   0x00000154   Code   RO          912    i.SysCtlClockGet    driverlib.lib(sysctl.o)
    0x000014e4   0x00000120   Code   RO          914    i.SysCtlClockSet    driverlib.lib(sysctl.o)
    0x00001604   0x00000028   Code   RO          943    i.SysCtlPeripheralEnable  driverlib.lib(sysctl.o)
    0x0000162c   0x0000000e   Code   RO         1258    i.SysTickEnable     driverlib.lib(systick.o)
    0x0000163a   0x0000000e   Code   RO         1260    i.SysTickIntEnable  driverlib.lib(systick.o)
    0x00001648   0x0000000a   Code   RO         1264    i.SysTickPeriodSet  driverlib.lib(systick.o)
    0x00001652   0x0000000c   Code   RO         1326    i.UARTCharGet       driverlib.lib(uart.o)
    0x0000165e   0x0000000c   Code   RO         1328    i.UARTCharPut       driverlib.lib(uart.o)
    0x0000166a   0x00000010   Code   RO         1329    i.UARTCharPutNonBlocking  driverlib.lib(uart.o)
    0x0000167a   0x0000000a   Code   RO         1330    i.UARTCharsAvail    driverlib.lib(uart.o)
    0x00001684   0x0000006e   Code   RO         1334    i.UARTConfigSetExpClk  driverlib.lib(uart.o)
    0x000016f2   0x00000006   Code   RO         1344    i.UARTFIFOLevelSet  driverlib.lib(uart.o)
    0x000016f8   0x00000004   Code   RO         1347    i.UARTIntClear      driverlib.lib(uart.o)
    0x000016fc   0x00000008   Code   RO         1349    i.UARTIntEnable     driverlib.lib(uart.o)
    0x00001704   0x0000000a   Code   RO         1351    i.UARTIntStatus     driverlib.lib(uart.o)
    0x0000170e   0x0000000a   Code   RO         1615    i.WatchdogEnable    driverlib.lib(watchdog.o)
    0x00001718   0x00000006   Code   RO         1616    i.WatchdogIntClear  driverlib.lib(watchdog.o)
    0x0000171e   0x00000004   Code   RO         1625    i.WatchdogReloadSet  driverlib.lib(watchdog.o)
    0x00001722   0x0000000a   Code   RO         1627    i.WatchdogResetEnable  driverlib.lib(watchdog.o)
    0x0000172c   0x00000150   Code   RO         1751    x$fpl$dadd          fz_wm.l(daddsub_clz.o)
    0x0000187c   0x00000018   Code   RO         1778    x$fpl$dcmpinf       fz_wm.l(dcmpi.o)
    0x00001894   0x000002b0   Code   RO         1758    x$fpl$ddiv          fz_wm.l(ddiv.o)
    0x00001b44   0x0000005a   Code   RO         1761    x$fpl$dfixu         fz_wm.l(dfixu.o)
    0x00001b9e   0x00000026   Code   RO         1765    x$fpl$dfltu         fz_wm.l(dflt_clz.o)
    0x00001bc4   0x00000078   Code   RO         1771    x$fpl$dleqf         fz_wm.l(dleqf.o)
    0x00001c3c   0x00000154   Code   RO         1773    x$fpl$dmul          fz_wm.l(dmul.o)
    0x00001d90   0x0000009c   Code   RO         1780    x$fpl$dnaninf       fz_wm.l(dnaninf.o)
    0x00001e2c   0x0000000c   Code   RO         1782    x$fpl$dretinf       fz_wm.l(dretinf.o)
    0x00001e38   0x0000006c   Code   RO         1775    x$fpl$drleqf        fz_wm.l(drleqf.o)
    0x00001ea4   0x000001d4   Code   RO         1753    x$fpl$dsub          fz_wm.l(daddsub_clz.o)
    0x00002078   0x0000000a   Code   RO         1867    x$fpl$fpinit        fz_wm.l(fpinit.o)
    0x00002082   0x00000000   Code   RO         1784    x$fpl$usenofp       fz_wm.l(usenofp.o)
    0x00002082   0x00000002   PAD
    0x00002084   0x00000228   Data   RO          535    .constdata          driverlib.lib(gpio.o)
    0x000022ac   0x0000010c   Data   RO          810    .constdata          driverlib.lib(interrupt.o)
    0x000023b8   0x00000254   Data   RO          965    .constdata          driverlib.lib(sysctl.o)
    0x0000260c   0x00000020   Data   RO         1934    Region$$Table       anon$$obj.o


    Execution Region RW_IRAM1 (Base: 0x20000000, Size: 0x00000e28, Max: 0x00008000, ABSOLUTE, COMPRESSED[0x0000001c])

    Base Addr    Size         Type   Attr      Idx    E Section Name        Object

    0x20000000   0x00000018   Data   RW            3    .data               adc.o
    0x20000018   0x00000011   Data   RW           64    .data               display.o
    0x20000029   0x00000003   PAD
    0x2000002c   0x00000020   Data   RW           89    .data               function.o
    0x2000004c   0x00000004   Data   RW           94    .data               function.o
    0x20000050   0x00000004   Data   RW          128    .data               sysclock.o
    0x20000054   0x00000017   Data   RW          147    .data               uart4.o
    0x2000006b   0x00000001   Data   RW          184    .data               main.o
    0x2000006c   0x00000394   PAD
    0x20000400   0x0000026c   Data   RW          811    vtable              driverlib.lib(interrupt.o)
    0x2000066c   0x00000004   PAD
    0x20000670   0x00000348   Zero   RW            2    .bss                adc.o
    0x200009b8   0x00000010   Zero   RW           86    .bss                function.o
    0x200009c8   0x00000060   Zero   RW         1811    .bss                c_w.l(libspace.o)
    0x20000a28   0x00000000   Zero   RW          175    HEAP                startup_rvmdk.o
    0x20000a28   0x00000400   Zero   RW          174    STACK               startup_rvmdk.o


==============================================================================

Image component sizes


      Code (inc. data)   RO Data    RW Data    ZI Data      Debug   Object Name

       548         82          0         24        840       6595   adc.o
       492         28          0         17          0       2753   display.o
       636         56          0         36         16       4001   function.o
       356         46          0          1          0       2016   main.o
       672        636          0          0       1024        540   startup_rvmdk.o
       240         44          0          4          0       1879   sysclock.o
       444         28          0         23          0       2588   uart4.o

    ----------------------------------------------------------------------
      3388        920         32       1024       1880      20372   Object Totals
         0          0         32          0          0          0   (incl. Generated)
         0          0          0        919          0          0   (incl. Padding)

    ----------------------------------------------------------------------

      Code (inc. data)   RO Data    RW Data    ZI Data      Debug   Library Member Name

        58          0          0          0          0          0   __dczerorl.o
         8          0          0          0          0         68   __main.o
        52          8          0          0          0          0   __scatter.o
        28          0          0          0          0          0   __scatter_zi.o
        12          0          0          0          0         72   exit.o
         6          0          0          0          0        152   heapauxi.o
         0          0          0          0          0          0   indicate_semi.o
         2          0          0          0          0          0   libinit.o
         6          0          0          0          0          0   libinit2.o
         2          0          0          0          0          0   libshutdown.o
         2          0          0          0          0          0   libshutdown2.o
         8          4          0          0         96         68   libspace.o
         0          0          0          0          0          0   rtentry.o
        12          0          0          0          0          0   rtentry2.o
         6          0          0          0          0          0   rtentry4.o
         2          0          0          0          0          0   rtexit.o
        10          0          0          0          0          0   rtexit2.o
        12          4          0          0          0         68   sys_exit.o
        74          0          0          0          0         80   sys_stackheap_outer.o
         2          0          0          0          0         68   use_no_semi.o
       552         12          0          0          0      10861   adc.o
        38          0          0          0          0        572   cpu.o
       544          8        552          0          0       6202   gpio.o
       166         16        268        620          0       2668   interrupt.o
       674         58        596          0          0       4395   sysctl.o
        38          0          0          0          0       1410   systick.o
       188          0          0          0          0       5627   uart.o
        30          0          0          0          0       1950   watchdog.o
       804         16          0          0          0        368   daddsub_clz.o
        24          0          0          0          0        116   dcmpi.o
       688        140          0          0          0        256   ddiv.o
        90          4          0          0          0        140   dfixu.o
        38          0          0          0          0        116   dflt_clz.o
       120          4          0          0          0        140   dleqf.o
       340         12          0          0          0        152   dmul.o
       156          4          0          0          0        140   dnaninf.o
        12          0          0          0          0        116   dretinf.o
       108          0          0          0          0        128   drleqf.o
        10          0          0          0          0        116   fpinit.o
         0          0          0          0          0          0   usenofp.o

    ----------------------------------------------------------------------
      4936        290       1416        620        100      36049   Library Totals
        14          0          0          0          4          0   (incl. Padding)

    ----------------------------------------------------------------------

      Code (inc. data)   RO Data    RW Data    ZI Data      Debug   Library Name

       302         16          0          0         96        576   c_w.l
      2230         94       1416        620          0      33685   driverlib.lib
      2390        180          0          0          0       1788   fz_wm.l

    ----------------------------------------------------------------------
      4936        290       1416        620        100      36049   Library Totals

    ----------------------------------------------------------------------

==============================================================================


      Code (inc. data)   RO Data    RW Data    ZI Data      Debug   

      8324       1210       1448       1644       1980      50465   Grand Totals
      8324       1210       1448         28       1980      50465   ELF Image Totals (compressed)
      8324       1210       1448         28          0          0   ROM Totals

==============================================================================

    Total RO  Size (Code + RO Data)                 9772 (   9.54kB)
    Total RW  Size (RW Data + ZI Data)              3624 (   3.54kB)
    Total ROM Size (Code + RO Data + RW Data)       9800 (   9.57kB)

==============================================================================

